<html>
<body>
<pre>
<h1>µVision Build Log</h1>
<h2>Tool Versions:</h2>
IDE-Version: ¦ÌVision V5.40.0.0
Copyright (C) 2024 ARM Ltd and ARM Germany GmbH. All rights reserved.
License Information: Eazin Merak, UESTC, LIC=47GU5-G9NV3-010P1-C0XTG-RW7Z2-NK2L8
 
Tool Versions:
Toolchain:       MDK-ARM Plus  Version: 5.40.0.3
Toolchain Path:  E:\apps\KeilV5.40\ARM\ARMCLANG\Bin
C Compiler:      ArmClang.exe V6.22
Assembler:       Armasm.exe V6.22
Linker/Locator:  ArmLink.exe V6.22
Library Manager: ArmAr.exe V6.22
Hex Converter:   FromElf.exe V6.22
CPU DLL:         SARMCM3.DLL V5.40.0.3
Dialog DLL:      DCM.DLL V1.17.5.0
Target DLL:      CMSIS_AGDI.dll V1.33.18.0
Dialog DLL:      TCM.DLL V1.56.4.0
 
<h2>Project:</h2>
E:\rc\Codes\R2\R2\MDK-ARM\New_Chassis.uvprojx
Project File Date:  06/05/2025

<h2>Output:</h2>
*** Using Compiler 'V6.22', folder: 'E:\apps\KeilV5.40\ARM\ARMCLANG\Bin'
Build target 'New_Chassis'
compiling memorymap.c...
compiling gpio.c...
compiling stm32h7xx_hal_msp.c...
compiling usart.c...
compiling fdcan.c...
compiling dma.c...
compiling stm32h7xx_hal_timebase_tim.c...
compiling spi.c...
compiling stm32h7xx_it.c...
compiling freertos.c...
compiling tim.c...
compiling main.c...
compiling stm32h7xx_hal_tim.c...
compiling stm32h7xx_hal_tim_ex.c...
compiling stm32h7xx_hal_cortex.c...
compiling stm32h7xx_hal_rcc.c...
compiling stm32h7xx_hal_flash.c...
compiling stm32h7xx_hal_hsem.c...
compiling stm32h7xx_hal_gpio.c...
compiling stm32h7xx_hal_rcc_ex.c...
compiling stm32h7xx_hal_flash_ex.c...
compiling stm32h7xx_hal_dma_ex.c...
compiling stm32h7xx_hal_pwr.c...
compiling stm32h7xx_hal_dma.c...
compiling stm32h7xx_hal_fdcan.c...
compiling stm32h7xx_hal_pwr_ex.c...
compiling stm32h7xx_hal_mdma.c...
compiling stm32h7xx_hal.c...
compiling stm32h7xx_hal_i2c_ex.c...
compiling stm32h7xx_hal_spi_ex.c...
compiling stm32h7xx_hal_exti.c...
compiling croutine.c...
compiling event_groups.c...
compiling list.c...
compiling system_stm32h7xx.c...
compiling stm32h7xx_hal_i2c.c...
compiling stm32h7xx_hal_uart_ex.c...
compiling stream_buffer.c...
compiling stm32h7xx_hal_spi.c...
compiling timers.c...
compiling queue.c...
compiling stm32h7xx_hal_uart.c...
compiling heap_4.c...
compiling tasks.c...
compiling cmsis_os.c...
compiling port.c...
compiling VESC.c...
compiling Can_Bsp.c...
compiling HO7213.c...
compiling Chassis.c...
compiling Global.c...
compiling Fake_Rtos.c...
compiling Encoder.c...
compiling Flow.c...
compiling Gyro.c...
compiling Kalman.c...
compiling Location.c...
compiling Communication.c...
compiling Television.c...
compiling Send.c...
compiling Correct.c...
compiling Interact.c...
compiling Guard.c...
compiling catchball.c...
compiling crc8.c...
compiling HighTorque.c...
compiling CPU_Load.c...
compiling mine.c...
compiling mngCommu.c...
compiling recDecode.c...
compiling drv_spi.c...
compiling SPI_FDCAN.c...
compiling RGB.c...
compiling Basket.c...
compiling BayesFunctions.c...
compiling BayesFunctionsF16.c...
compiling BasicMathFunctionsF16.c...
compiling CommonTablesF16.c...
compiling ComplexMathFunctions.c...
compiling ControllerFunctions.c...
compiling ComplexMathFunctionsF16.c...
compiling BasicMathFunctions.c...
compiling DistanceFunctionsF16.c...
compiling FastMathFunctionsF16.c...
compiling drv_canfdspi_api.c...
compiling FastMathFunctions.c...
compiling FilteringFunctionsF16.c...
compiling InterpolationFunctions.c...
compiling InterpolationFunctionsF16.c...
compiling CommonTables.c...
compiling DistanceFunctions.c...
compiling Nrf.c...
compiling SVMFunctionsF16.c...
compiling SVMFunctions.c...
compiling QuaternionMathFunctions.c...
compiling SupportFunctionsF16.c...
compiling StatisticsFunctionsF16.c...
compiling MatrixFunctionsF16.c...
compiling SupportFunctions.c...
compiling StatisticsFunctions.c...
compiling WindowFunctions.c...
compiling TransformFunctionsF16.c...
compiling MatrixFunctions.c...
compiling TransformFunctions.c...
compiling FilteringFunctions.c...
linking...
Program Size: Code=78868 RO-data=1624 RW-data=688 ZI-data=97632  
FromELF: creating hex file...
"New_Chassis\New_Chassis.axf" - 0 Error(s), 0 Warning(s).

<h2>Software Packages used:</h2>

Package Vendor: ARM
                https://www.keil.com/pack/ARM.CMSIS.6.1.0.pack
                ARM::CMSIS@6.1.0
                CMSIS (Common Microcontroller Software Interface Standard)
   * Component: CORE Version: 6.1.0

Package Vendor: ARM
                https://www.keil.com/pack/ARM.CMSIS-DSP.1.16.2.pack
                ARM::CMSIS-DSP@1.16.2
                CMSIS Embedded Compute Library
   * Component: DSP Variant: Source Version: 1.16.2

Package Vendor: Keil
                https://www.keil.com/pack/Keil.STM32H7xx_DFP.4.0.0.pack
                Keil::STM32H7xx_DFP@4.0.0
                STMicroelectronics STM32H7 Series Device Support

<h2>Collection of Component include folders:</h2>
  ./RTE/_New_Chassis
  E:/apps/KeilV5.40/ARM/CMSIS-DSP/1.16.2/Include
  E:/apps/KeilV5.40/ARM/CMSIS-DSP/1.16.2/PrivateInclude
  E:/apps/KeilV5.40/ARM/CMSIS/6.1.0/CMSIS/Core/Include

<h2>Collection of Component Files used:</h2>

   * Component: ARM::CMSIS:CORE@6.1.0
      Include file:  CMSIS/Core/Include/tz_context.h

   * Component: ARM::CMSIS:DSP&Source@1.16.2
      Include file:  Include/arm_common_tables.h
      Include file:  Include/arm_math.h
      Include file:  Include/arm_const_structs.h
      Source file:   Source/CommonTables/CommonTables.c
      Source file:   Source/SVMFunctions/SVMFunctions.c
      Source file:   Source/QuaternionMathFunctions/QuaternionMathFunctions.c
      Include file:  Include/arm_common_tables_f16.h
      Include file:  Include/arm_math_f16.h
      Include file:  Include/arm_const_structs_f16.h
      Source file:   Source/BasicMathFunctions/BasicMathFunctions.c
      Source file:   Source/BayesFunctions/BayesFunctions.c
      Source file:   Source/ComplexMathFunctions/ComplexMathFunctions.c
      Source file:   Source/ControllerFunctions/ControllerFunctions.c
      Source file:   Source/FastMathFunctions/FastMathFunctions.c
      Source file:   Source/FilteringFunctions/FilteringFunctions.c
      Source file:   Source/MatrixFunctions/MatrixFunctions.c
      Source file:   Source/StatisticsFunctions/StatisticsFunctions.c
      Source file:   Source/SupportFunctions/SupportFunctions.c
      Source file:   Source/DistanceFunctions/DistanceFunctions.c
      Source file:   Source/StatisticsFunctions/StatisticsFunctionsF16.c
      Source file:   Source/BayesFunctions/BayesFunctionsF16.c
      Source file:   Source/ComplexMathFunctions/ComplexMathFunctionsF16.c
      Source file:   Source/MatrixFunctions/MatrixFunctionsF16.c
      Source file:   Source/SVMFunctions/SVMFunctionsF16.c
      Source file:   Source/FastMathFunctions/FastMathFunctionsF16.c
      Source file:   Source/SupportFunctions/SupportFunctionsF16.c
      Source file:   Source/CommonTables/CommonTablesF16.c
      Source file:   Source/BasicMathFunctions/BasicMathFunctionsF16.c
      Source file:   Source/InterpolationFunctions/InterpolationFunctionsF16.c
      Source file:   Source/TransformFunctions/TransformFunctionsF16.c
      Source file:   Source/DistanceFunctions/DistanceFunctionsF16.c
      Source file:   Source/TransformFunctions/TransformFunctions.c
      Source file:   Source/FilteringFunctions/FilteringFunctionsF16.c
      Source file:   Source/InterpolationFunctions/InterpolationFunctions.c
      Source file:   Source/WindowFunctions/WindowFunctions.c
Build Time Elapsed:  00:00:10
</pre>
</body>
</html>
