<!doctype html public "-//w3c//dtd html 4.0 transitional//en">
<html><head>
<title>Static Call Graph - [New_Chassis\New_Chassis.axf]</title></head>
<body><HR>
<H1>Static Call Graph for image New_Chassis\New_Chassis.axf</H1><HR>
<BR><P>#&#060CALLGRAPH&#062# ARM Linker, 6220000: Last Updated: Thu Jun  5 10:03:22 2025
<BR><P>
<H3>Maximum Stack Usage =        580 bytes + Unknown(Cycles, Untraceable Function Pointers)</H3><H3>
Call chain for Maximum Stack Depth:</H3>
main &rArr; MX_FREERTOS_Init &rArr; osThreadCreate &rArr; xTaskCreate &rArr; vPortFree &rArr; xTaskResumeAll &rArr; xTaskIncrementTick &rArr; vApplicationTickHook &rArr; __aeabi_l2f &rArr; _float_epilogue
<P>
<H3>
Mutually Recursive functions
</H3> <LI><a href="#[73]">ADC3_IRQHandler</a>&nbsp;&nbsp;&nbsp;&rArr;&nbsp;&nbsp;&nbsp;<a href="#[73]">ADC3_IRQHandler</a><BR>
 <LI><a href="#[4]">BusFault_Handler</a>&nbsp;&nbsp;&nbsp;&rArr;&nbsp;&nbsp;&nbsp;<a href="#[4]">BusFault_Handler</a><BR>
 <LI><a href="#[9e]">Detect</a>&nbsp;&nbsp;&nbsp;&rArr;&nbsp;&nbsp;&nbsp;<a href="#[9e]">Detect</a><BR>
 <LI><a href="#[2]">HardFault_Handler</a>&nbsp;&nbsp;&nbsp;&rArr;&nbsp;&nbsp;&nbsp;<a href="#[2]">HardFault_Handler</a><BR>
 <LI><a href="#[3]">MemManage_Handler</a>&nbsp;&nbsp;&nbsp;&rArr;&nbsp;&nbsp;&nbsp;<a href="#[3]">MemManage_Handler</a><BR>
 <LI><a href="#[1]">NMI_Handler</a>&nbsp;&nbsp;&nbsp;&rArr;&nbsp;&nbsp;&nbsp;<a href="#[1]">NMI_Handler</a><BR>
 <LI><a href="#[a0]">ParamsChange</a>&nbsp;&nbsp;&nbsp;&rArr;&nbsp;&nbsp;&nbsp;<a href="#[a0]">ParamsChange</a><BR>
 <LI><a href="#[5]">UsageFault_Handler</a>&nbsp;&nbsp;&nbsp;&rArr;&nbsp;&nbsp;&nbsp;<a href="#[5]">UsageFault_Handler</a><BR>
 <LI><a href="#[a6]">communication</a>&nbsp;&nbsp;&nbsp;&rArr;&nbsp;&nbsp;&nbsp;<a href="#[a6]">communication</a><BR>
</UL>
<P>
<H3>
Function Pointers
</H3><UL>
 <LI><a href="#[73]">ADC3_IRQHandler</a> from startup_stm32h723xx.o(.text) referenced from startup_stm32h723xx.o(RESET)
 <LI><a href="#[1c]">ADC_IRQHandler</a> from startup_stm32h723xx.o(.text) referenced from startup_stm32h723xx.o(RESET)
 <LI><a href="#[75]">BDMA_Channel0_IRQHandler</a> from startup_stm32h723xx.o(.text) referenced from startup_stm32h723xx.o(RESET)
 <LI><a href="#[76]">BDMA_Channel1_IRQHandler</a> from startup_stm32h723xx.o(.text) referenced from startup_stm32h723xx.o(RESET)
 <LI><a href="#[77]">BDMA_Channel2_IRQHandler</a> from startup_stm32h723xx.o(.text) referenced from startup_stm32h723xx.o(RESET)
 <LI><a href="#[78]">BDMA_Channel3_IRQHandler</a> from startup_stm32h723xx.o(.text) referenced from startup_stm32h723xx.o(RESET)
 <LI><a href="#[79]">BDMA_Channel4_IRQHandler</a> from startup_stm32h723xx.o(.text) referenced from startup_stm32h723xx.o(RESET)
 <LI><a href="#[7a]">BDMA_Channel5_IRQHandler</a> from startup_stm32h723xx.o(.text) referenced from startup_stm32h723xx.o(RESET)
 <LI><a href="#[7b]">BDMA_Channel6_IRQHandler</a> from startup_stm32h723xx.o(.text) referenced from startup_stm32h723xx.o(RESET)
 <LI><a href="#[7c]">BDMA_Channel7_IRQHandler</a> from startup_stm32h723xx.o(.text) referenced from startup_stm32h723xx.o(RESET)
 <LI><a href="#[4]">BusFault_Handler</a> from stm32h7xx_it.o(.text.BusFault_Handler) referenced from startup_stm32h723xx.o(RESET)
 <LI><a href="#[61]">CEC_IRQHandler</a> from startup_stm32h723xx.o(.text) referenced from startup_stm32h723xx.o(RESET)
 <LI><a href="#[7d]">COMP1_IRQHandler</a> from startup_stm32h723xx.o(.text) referenced from startup_stm32h723xx.o(RESET)
 <LI><a href="#[8a]">CORDIC_IRQHandler</a> from startup_stm32h723xx.o(.text) referenced from startup_stm32h723xx.o(RESET)
 <LI><a href="#[83]">CRS_IRQHandler</a> from startup_stm32h723xx.o(.text) referenced from startup_stm32h723xx.o(RESET)
 <LI><a href="#[53]">DCMI_PSSI_IRQHandler</a> from startup_stm32h723xx.o(.text) referenced from startup_stm32h723xx.o(RESET)
 <LI><a href="#[66]">DFSDM1_FLT0_IRQHandler</a> from startup_stm32h723xx.o(.text) referenced from startup_stm32h723xx.o(RESET)
 <LI><a href="#[67]">DFSDM1_FLT1_IRQHandler</a> from startup_stm32h723xx.o(.text) referenced from startup_stm32h723xx.o(RESET)
 <LI><a href="#[68]">DFSDM1_FLT2_IRQHandler</a> from startup_stm32h723xx.o(.text) referenced from startup_stm32h723xx.o(RESET)
 <LI><a href="#[69]">DFSDM1_FLT3_IRQHandler</a> from startup_stm32h723xx.o(.text) referenced from startup_stm32h723xx.o(RESET)
 <LI><a href="#[15]">DMA1_Stream0_IRQHandler</a> from stm32h7xx_it.o(.text.DMA1_Stream0_IRQHandler) referenced from startup_stm32h723xx.o(RESET)
 <LI><a href="#[16]">DMA1_Stream1_IRQHandler</a> from stm32h7xx_it.o(.text.DMA1_Stream1_IRQHandler) referenced from startup_stm32h723xx.o(RESET)
 <LI><a href="#[17]">DMA1_Stream2_IRQHandler</a> from stm32h7xx_it.o(.text.DMA1_Stream2_IRQHandler) referenced from startup_stm32h723xx.o(RESET)
 <LI><a href="#[18]">DMA1_Stream3_IRQHandler</a> from stm32h7xx_it.o(.text.DMA1_Stream3_IRQHandler) referenced from startup_stm32h723xx.o(RESET)
 <LI><a href="#[19]">DMA1_Stream4_IRQHandler</a> from stm32h7xx_it.o(.text.DMA1_Stream4_IRQHandler) referenced from startup_stm32h723xx.o(RESET)
 <LI><a href="#[1a]">DMA1_Stream5_IRQHandler</a> from stm32h7xx_it.o(.text.DMA1_Stream5_IRQHandler) referenced from startup_stm32h723xx.o(RESET)
 <LI><a href="#[1b]">DMA1_Stream6_IRQHandler</a> from stm32h7xx_it.o(.text.DMA1_Stream6_IRQHandler) referenced from startup_stm32h723xx.o(RESET)
 <LI><a href="#[38]">DMA1_Stream7_IRQHandler</a> from stm32h7xx_it.o(.text.DMA1_Stream7_IRQHandler) referenced from startup_stm32h723xx.o(RESET)
 <LI><a href="#[5e]">DMA2D_IRQHandler</a> from startup_stm32h723xx.o(.text) referenced from startup_stm32h723xx.o(RESET)
 <LI><a href="#[41]">DMA2_Stream0_IRQHandler</a> from stm32h7xx_it.o(.text.DMA2_Stream0_IRQHandler) referenced from startup_stm32h723xx.o(RESET)
 <LI><a href="#[42]">DMA2_Stream1_IRQHandler</a> from stm32h7xx_it.o(.text.DMA2_Stream1_IRQHandler) referenced from startup_stm32h723xx.o(RESET)
 <LI><a href="#[43]">DMA2_Stream2_IRQHandler</a> from startup_stm32h723xx.o(.text) referenced from startup_stm32h723xx.o(RESET)
 <LI><a href="#[44]">DMA2_Stream3_IRQHandler</a> from startup_stm32h723xx.o(.text) referenced from startup_stm32h723xx.o(RESET)
 <LI><a href="#[45]">DMA2_Stream4_IRQHandler</a> from startup_stm32h723xx.o(.text) referenced from startup_stm32h723xx.o(RESET)
 <LI><a href="#[49]">DMA2_Stream5_IRQHandler</a> from startup_stm32h723xx.o(.text) referenced from startup_stm32h723xx.o(RESET)
 <LI><a href="#[4a]">DMA2_Stream6_IRQHandler</a> from startup_stm32h723xx.o(.text) referenced from startup_stm32h723xx.o(RESET)
 <LI><a href="#[4b]">DMA2_Stream7_IRQHandler</a> from startup_stm32h723xx.o(.text) referenced from startup_stm32h723xx.o(RESET)
 <LI><a href="#[65]">DMAMUX1_OVR_IRQHandler</a> from startup_stm32h723xx.o(.text) referenced from startup_stm32h723xx.o(RESET)
 <LI><a href="#[74]">DMAMUX2_OVR_IRQHandler</a> from startup_stm32h723xx.o(.text) referenced from startup_stm32h723xx.o(RESET)
 <LI><a href="#[86]">DTS_IRQHandler</a> from startup_stm32h723xx.o(.text) referenced from startup_stm32h723xx.o(RESET)
 <LI><a href="#[7]">DebugMon_Handler</a> from stm32h7xx_it.o(.text.DebugMon_Handler) referenced from startup_stm32h723xx.o(RESET)
 <LI><a href="#[9e]">Detect</a> from fake_rtos.o(.text.Detect) referenced from freertos.o(.text.MX_FREERTOS_Init)
 <LI><a href="#[84]">ECC_IRQHandler</a> from startup_stm32h723xx.o(.text) referenced from startup_stm32h723xx.o(RESET)
 <LI><a href="#[46]">ETH_IRQHandler</a> from startup_stm32h723xx.o(.text) referenced from startup_stm32h723xx.o(RESET)
 <LI><a href="#[47]">ETH_WKUP_IRQHandler</a> from startup_stm32h723xx.o(.text) referenced from startup_stm32h723xx.o(RESET)
 <LI><a href="#[10]">EXTI0_IRQHandler</a> from startup_stm32h723xx.o(.text) referenced from startup_stm32h723xx.o(RESET)
 <LI><a href="#[32]">EXTI15_10_IRQHandler</a> from stm32h7xx_it.o(.text.EXTI15_10_IRQHandler) referenced from startup_stm32h723xx.o(RESET)
 <LI><a href="#[11]">EXTI1_IRQHandler</a> from startup_stm32h723xx.o(.text) referenced from startup_stm32h723xx.o(RESET)
 <LI><a href="#[12]">EXTI2_IRQHandler</a> from startup_stm32h723xx.o(.text) referenced from startup_stm32h723xx.o(RESET)
 <LI><a href="#[13]">EXTI3_IRQHandler</a> from startup_stm32h723xx.o(.text) referenced from startup_stm32h723xx.o(RESET)
 <LI><a href="#[14]">EXTI4_IRQHandler</a> from stm32h7xx_it.o(.text.EXTI4_IRQHandler) referenced from startup_stm32h723xx.o(RESET)
 <LI><a href="#[21]">EXTI9_5_IRQHandler</a> from stm32h7xx_it.o(.text.EXTI9_5_IRQHandler) referenced from startup_stm32h723xx.o(RESET)
 <LI><a href="#[1d]">FDCAN1_IT0_IRQHandler</a> from stm32h7xx_it.o(.text.FDCAN1_IT0_IRQHandler) referenced from startup_stm32h723xx.o(RESET)
 <LI><a href="#[1f]">FDCAN1_IT1_IRQHandler</a> from stm32h7xx_it.o(.text.FDCAN1_IT1_IRQHandler) referenced from startup_stm32h723xx.o(RESET)
 <LI><a href="#[1e]">FDCAN2_IT0_IRQHandler</a> from stm32h7xx_it.o(.text.FDCAN2_IT0_IRQHandler) referenced from startup_stm32h723xx.o(RESET)
 <LI><a href="#[20]">FDCAN2_IT1_IRQHandler</a> from stm32h7xx_it.o(.text.FDCAN2_IT1_IRQHandler) referenced from startup_stm32h723xx.o(RESET)
 <LI><a href="#[8f]">FDCAN3_IT0_IRQHandler</a> from stm32h7xx_it.o(.text.FDCAN3_IT0_IRQHandler) referenced from startup_stm32h723xx.o(RESET)
 <LI><a href="#[90]">FDCAN3_IT1_IRQHandler</a> from stm32h7xx_it.o(.text.FDCAN3_IT1_IRQHandler) referenced from startup_stm32h723xx.o(RESET)
 <LI><a href="#[48]">FDCAN_CAL_IRQHandler</a> from startup_stm32h723xx.o(.text) referenced from startup_stm32h723xx.o(RESET)
 <LI><a href="#[e]">FLASH_IRQHandler</a> from startup_stm32h723xx.o(.text) referenced from startup_stm32h723xx.o(RESET)
 <LI><a href="#[89]">FMAC_IRQHandler</a> from startup_stm32h723xx.o(.text) referenced from startup_stm32h723xx.o(RESET)
 <LI><a href="#[39]">FMC_IRQHandler</a> from startup_stm32h723xx.o(.text) referenced from startup_stm32h723xx.o(RESET)
 <LI><a href="#[55]">FPU_IRQHandler</a> from startup_stm32h723xx.o(.text) referenced from startup_stm32h723xx.o(RESET)
 <LI><a href="#[72]">HSEM1_IRQHandler</a> from startup_stm32h723xx.o(.text) referenced from startup_stm32h723xx.o(RESET)
 <LI><a href="#[9f]">HTMotorControl</a> from fake_rtos.o(.text.HTMotorControl) referenced from freertos.o(.text.MX_FREERTOS_Init)
 <LI><a href="#[2]">HardFault_Handler</a> from stm32h7xx_it.o(.text.HardFault_Handler) referenced from startup_stm32h723xx.o(RESET)
 <LI><a href="#[2a]">I2C1_ER_IRQHandler</a> from startup_stm32h723xx.o(.text) referenced from startup_stm32h723xx.o(RESET)
 <LI><a href="#[29]">I2C1_EV_IRQHandler</a> from startup_stm32h723xx.o(.text) referenced from startup_stm32h723xx.o(RESET)
 <LI><a href="#[2c]">I2C2_ER_IRQHandler</a> from startup_stm32h723xx.o(.text) referenced from startup_stm32h723xx.o(RESET)
 <LI><a href="#[2b]">I2C2_EV_IRQHandler</a> from startup_stm32h723xx.o(.text) referenced from startup_stm32h723xx.o(RESET)
 <LI><a href="#[4e]">I2C3_ER_IRQHandler</a> from startup_stm32h723xx.o(.text) referenced from startup_stm32h723xx.o(RESET)
 <LI><a href="#[4d]">I2C3_EV_IRQHandler</a> from startup_stm32h723xx.o(.text) referenced from startup_stm32h723xx.o(RESET)
 <LI><a href="#[63]">I2C4_ER_IRQHandler</a> from startup_stm32h723xx.o(.text) referenced from startup_stm32h723xx.o(RESET)
 <LI><a href="#[62]">I2C4_EV_IRQHandler</a> from startup_stm32h723xx.o(.text) referenced from startup_stm32h723xx.o(RESET)
 <LI><a href="#[8e]">I2C5_ER_IRQHandler</a> from startup_stm32h723xx.o(.text) referenced from startup_stm32h723xx.o(RESET)
 <LI><a href="#[8d]">I2C5_EV_IRQHandler</a> from startup_stm32h723xx.o(.text) referenced from startup_stm32h723xx.o(RESET)
 <LI><a href="#[60]">LPTIM1_IRQHandler</a> from startup_stm32h723xx.o(.text) referenced from startup_stm32h723xx.o(RESET)
 <LI><a href="#[7e]">LPTIM2_IRQHandler</a> from startup_stm32h723xx.o(.text) referenced from startup_stm32h723xx.o(RESET)
 <LI><a href="#[7f]">LPTIM3_IRQHandler</a> from startup_stm32h723xx.o(.text) referenced from startup_stm32h723xx.o(RESET)
 <LI><a href="#[80]">LPTIM4_IRQHandler</a> from startup_stm32h723xx.o(.text) referenced from startup_stm32h723xx.o(RESET)
 <LI><a href="#[81]">LPTIM5_IRQHandler</a> from startup_stm32h723xx.o(.text) referenced from startup_stm32h723xx.o(RESET)
 <LI><a href="#[82]">LPUART1_IRQHandler</a> from startup_stm32h723xx.o(.text) referenced from startup_stm32h723xx.o(RESET)
 <LI><a href="#[5d]">LTDC_ER_IRQHandler</a> from startup_stm32h723xx.o(.text) referenced from startup_stm32h723xx.o(RESET)
 <LI><a href="#[5c]">LTDC_IRQHandler</a> from startup_stm32h723xx.o(.text) referenced from startup_stm32h723xx.o(RESET)
 <LI><a href="#[6f]">MDIOS_IRQHandler</a> from startup_stm32h723xx.o(.text) referenced from startup_stm32h723xx.o(RESET)
 <LI><a href="#[6e]">MDIOS_WKUP_IRQHandler</a> from startup_stm32h723xx.o(.text) referenced from startup_stm32h723xx.o(RESET)
 <LI><a href="#[70]">MDMA_IRQHandler</a> from startup_stm32h723xx.o(.text) referenced from startup_stm32h723xx.o(RESET)
 <LI><a href="#[3]">MemManage_Handler</a> from stm32h7xx_it.o(.text.MemManage_Handler) referenced from startup_stm32h723xx.o(RESET)
 <LI><a href="#[1]">NMI_Handler</a> from stm32h7xx_it.o(.text.NMI_Handler) referenced from startup_stm32h723xx.o(RESET)
 <LI><a href="#[96]">NrfCommu_EXTI_Callback</a> from mngcommu.o(.text.NrfCommu_EXTI_Callback) referenced 2 times from mngcommu.o(.text.Commu_init)
 <LI><a href="#[5f]">OCTOSPI1_IRQHandler</a> from startup_stm32h723xx.o(.text) referenced from startup_stm32h723xx.o(RESET)
 <LI><a href="#[88]">OCTOSPI2_IRQHandler</a> from startup_stm32h723xx.o(.text) referenced from startup_stm32h723xx.o(RESET)
 <LI><a href="#[50]">OTG_HS_EP1_IN_IRQHandler</a> from startup_stm32h723xx.o(.text) referenced from startup_stm32h723xx.o(RESET)
 <LI><a href="#[4f]">OTG_HS_EP1_OUT_IRQHandler</a> from startup_stm32h723xx.o(.text) referenced from startup_stm32h723xx.o(RESET)
 <LI><a href="#[52]">OTG_HS_IRQHandler</a> from startup_stm32h723xx.o(.text) referenced from startup_stm32h723xx.o(RESET)
 <LI><a href="#[51]">OTG_HS_WKUP_IRQHandler</a> from startup_stm32h723xx.o(.text) referenced from startup_stm32h723xx.o(RESET)
 <LI><a href="#[b]">PVD_AVD_IRQHandler</a> from startup_stm32h723xx.o(.text) referenced from startup_stm32h723xx.o(RESET)
 <LI><a href="#[a0]">ParamsChange</a> from fake_rtos.o(.text.ParamsChange) referenced from freertos.o(.text.MX_FREERTOS_Init)
 <LI><a href="#[8]">PendSV_Handler</a> from port.o(.text.PendSV_Handler) referenced from startup_stm32h723xx.o(RESET)
 <LI><a href="#[f]">RCC_IRQHandler</a> from startup_stm32h723xx.o(.text) referenced from startup_stm32h723xx.o(RESET)
 <LI><a href="#[54]">RNG_IRQHandler</a> from startup_stm32h723xx.o(.text) referenced from startup_stm32h723xx.o(RESET)
 <LI><a href="#[33]">RTC_Alarm_IRQHandler</a> from startup_stm32h723xx.o(.text) referenced from startup_stm32h723xx.o(RESET)
 <LI><a href="#[d]">RTC_WKUP_IRQHandler</a> from startup_stm32h723xx.o(.text) referenced from startup_stm32h723xx.o(RESET)
 <LI><a href="#[0]">Reset_Handler</a> from startup_stm32h723xx.o(.text) referenced from startup_stm32h723xx.o(RESET)
 <LI><a href="#[5b]">SAI1_IRQHandler</a> from startup_stm32h723xx.o(.text) referenced from startup_stm32h723xx.o(RESET)
 <LI><a href="#[85]">SAI4_IRQHandler</a> from startup_stm32h723xx.o(.text) referenced from startup_stm32h723xx.o(RESET)
 <LI><a href="#[3a]">SDMMC1_IRQHandler</a> from startup_stm32h723xx.o(.text) referenced from startup_stm32h723xx.o(RESET)
 <LI><a href="#[71]">SDMMC2_IRQHandler</a> from startup_stm32h723xx.o(.text) referenced from startup_stm32h723xx.o(RESET)
 <LI><a href="#[64]">SPDIF_RX_IRQHandler</a> from startup_stm32h723xx.o(.text) referenced from startup_stm32h723xx.o(RESET)
 <LI><a href="#[2d]">SPI1_IRQHandler</a> from startup_stm32h723xx.o(.text) referenced from startup_stm32h723xx.o(RESET)
 <LI><a href="#[2e]">SPI2_IRQHandler</a> from startup_stm32h723xx.o(.text) referenced from startup_stm32h723xx.o(RESET)
 <LI><a href="#[3c]">SPI3_IRQHandler</a> from startup_stm32h723xx.o(.text) referenced from startup_stm32h723xx.o(RESET)
 <LI><a href="#[58]">SPI4_IRQHandler</a> from stm32h7xx_it.o(.text.SPI4_IRQHandler) referenced from startup_stm32h723xx.o(RESET)
 <LI><a href="#[59]">SPI5_IRQHandler</a> from startup_stm32h723xx.o(.text) referenced from startup_stm32h723xx.o(RESET)
 <LI><a href="#[5a]">SPI6_IRQHandler</a> from startup_stm32h723xx.o(.text) referenced from startup_stm32h723xx.o(RESET)
 <LI><a href="#[97]">SPI_DMAAbortOnError</a> from stm32h7xx_hal_spi.o(.text.SPI_DMAAbortOnError) referenced 2 times from stm32h7xx_hal_spi.o(.text.HAL_SPI_IRQHandler)
 <LI><a href="#[6]">SVC_Handler</a> from port.o(.text.SVC_Handler) referenced from startup_stm32h723xx.o(RESET)
 <LI><a href="#[6a]">SWPMI1_IRQHandler</a> from startup_stm32h723xx.o(.text) referenced from startup_stm32h723xx.o(RESET)
 <LI><a href="#[9d]">StartTransmit_task</a> from mngcommu.o(.text.StartTransmit_task) referenced from freertos.o(.text.MX_FREERTOS_Init)
 <LI><a href="#[9]">SysTick_Handler</a> from port.o(.text.SysTick_Handler) referenced from startup_stm32h723xx.o(RESET)
 <LI><a href="#[94]">SystemInit</a> from system_stm32h7xx.o(.text.SystemInit) referenced from startup_stm32h723xx.o(.text)
 <LI><a href="#[c]">TAMP_STAMP_IRQHandler</a> from startup_stm32h723xx.o(.text) referenced from startup_stm32h723xx.o(RESET)
 <LI><a href="#[6b]">TIM15_IRQHandler</a> from startup_stm32h723xx.o(.text) referenced from startup_stm32h723xx.o(RESET)
 <LI><a href="#[6c]">TIM16_IRQHandler</a> from startup_stm32h723xx.o(.text) referenced from startup_stm32h723xx.o(RESET)
 <LI><a href="#[6d]">TIM17_IRQHandler</a> from startup_stm32h723xx.o(.text) referenced from startup_stm32h723xx.o(RESET)
 <LI><a href="#[22]">TIM1_BRK_IRQHandler</a> from startup_stm32h723xx.o(.text) referenced from startup_stm32h723xx.o(RESET)
 <LI><a href="#[25]">TIM1_CC_IRQHandler</a> from startup_stm32h723xx.o(.text) referenced from startup_stm32h723xx.o(RESET)
 <LI><a href="#[24]">TIM1_TRG_COM_IRQHandler</a> from startup_stm32h723xx.o(.text) referenced from startup_stm32h723xx.o(RESET)
 <LI><a href="#[23]">TIM1_UP_IRQHandler</a> from startup_stm32h723xx.o(.text) referenced from startup_stm32h723xx.o(RESET)
 <LI><a href="#[91]">TIM23_IRQHandler</a> from stm32h7xx_it.o(.text.TIM23_IRQHandler) referenced from startup_stm32h723xx.o(RESET)
 <LI><a href="#[92]">TIM24_IRQHandler</a> from startup_stm32h723xx.o(.text) referenced from startup_stm32h723xx.o(RESET)
 <LI><a href="#[26]">TIM2_IRQHandler</a> from stm32h7xx_it.o(.text.TIM2_IRQHandler) referenced from startup_stm32h723xx.o(RESET)
 <LI><a href="#[27]">TIM3_IRQHandler</a> from stm32h7xx_it.o(.text.TIM3_IRQHandler) referenced from startup_stm32h723xx.o(RESET)
 <LI><a href="#[28]">TIM4_IRQHandler</a> from stm32h7xx_it.o(.text.TIM4_IRQHandler) referenced from startup_stm32h723xx.o(RESET)
 <LI><a href="#[3b]">TIM5_IRQHandler</a> from startup_stm32h723xx.o(.text) referenced from startup_stm32h723xx.o(RESET)
 <LI><a href="#[3f]">TIM6_DAC_IRQHandler</a> from startup_stm32h723xx.o(.text) referenced from startup_stm32h723xx.o(RESET)
 <LI><a href="#[40]">TIM7_IRQHandler</a> from startup_stm32h723xx.o(.text) referenced from startup_stm32h723xx.o(RESET)
 <LI><a href="#[34]">TIM8_BRK_TIM12_IRQHandler</a> from startup_stm32h723xx.o(.text) referenced from startup_stm32h723xx.o(RESET)
 <LI><a href="#[37]">TIM8_CC_IRQHandler</a> from startup_stm32h723xx.o(.text) referenced from startup_stm32h723xx.o(RESET)
 <LI><a href="#[36]">TIM8_TRG_COM_TIM14_IRQHandler</a> from startup_stm32h723xx.o(.text) referenced from startup_stm32h723xx.o(RESET)
 <LI><a href="#[35]">TIM8_UP_TIM13_IRQHandler</a> from startup_stm32h723xx.o(.text) referenced from startup_stm32h723xx.o(RESET)
 <LI><a href="#[98]">TIM_DMADelayPulseCplt</a> from stm32h7xx_hal_tim.o(.text.TIM_DMADelayPulseCplt) referenced 8 times from stm32h7xx_hal_tim.o(.text.HAL_TIM_PWM_Start_DMA)
 <LI><a href="#[99]">TIM_DMADelayPulseHalfCplt</a> from stm32h7xx_hal_tim.o(.text.TIM_DMADelayPulseHalfCplt) referenced 8 times from stm32h7xx_hal_tim.o(.text.HAL_TIM_PWM_Start_DMA)
 <LI><a href="#[9a]">TIM_DMAError</a> from stm32h7xx_hal_tim.o(.text.TIM_DMAError) referenced 8 times from stm32h7xx_hal_tim.o(.text.HAL_TIM_PWM_Start_DMA)
 <LI><a href="#[3d]">UART4_IRQHandler</a> from stm32h7xx_it.o(.text.UART4_IRQHandler) referenced from startup_stm32h723xx.o(RESET)
 <LI><a href="#[3e]">UART5_IRQHandler</a> from startup_stm32h723xx.o(.text) referenced from startup_stm32h723xx.o(RESET)
 <LI><a href="#[56]">UART7_IRQHandler</a> from startup_stm32h723xx.o(.text) referenced from startup_stm32h723xx.o(RESET)
 <LI><a href="#[57]">UART8_IRQHandler</a> from startup_stm32h723xx.o(.text) referenced from startup_stm32h723xx.o(RESET)
 <LI><a href="#[8b]">UART9_IRQHandler</a> from startup_stm32h723xx.o(.text) referenced from startup_stm32h723xx.o(RESET)
 <LI><a href="#[9b]">UART_DMAAbortOnError</a> from stm32h7xx_hal_uart.o(.text.UART_DMAAbortOnError) referenced 2 times from stm32h7xx_hal_uart.o(.text.HAL_UART_IRQHandler)
 <LI><a href="#[a3]">UART_DMAError</a> from stm32h7xx_hal_uart.o(.text.UART_DMAError) referenced 2 times from stm32h7xx_hal_uart.o(.text.UART_Start_Receive_DMA)
 <LI><a href="#[a1]">UART_DMAReceiveCplt</a> from stm32h7xx_hal_uart.o(.text.UART_DMAReceiveCplt) referenced 2 times from stm32h7xx_hal_uart.o(.text.UART_Start_Receive_DMA)
 <LI><a href="#[a2]">UART_DMARxHalfCplt</a> from stm32h7xx_hal_uart.o(.text.UART_DMARxHalfCplt) referenced 2 times from stm32h7xx_hal_uart.o(.text.UART_Start_Receive_DMA)
 <LI><a href="#[8c]">USART10_IRQHandler</a> from startup_stm32h723xx.o(.text) referenced from startup_stm32h723xx.o(RESET)
 <LI><a href="#[2f]">USART1_IRQHandler</a> from stm32h7xx_it.o(.text.USART1_IRQHandler) referenced from startup_stm32h723xx.o(RESET)
 <LI><a href="#[30]">USART2_IRQHandler</a> from stm32h7xx_it.o(.text.USART2_IRQHandler) referenced from startup_stm32h723xx.o(RESET)
 <LI><a href="#[31]">USART3_IRQHandler</a> from stm32h7xx_it.o(.text.USART3_IRQHandler) referenced from startup_stm32h723xx.o(RESET)
 <LI><a href="#[4c]">USART6_IRQHandler</a> from startup_stm32h723xx.o(.text) referenced from startup_stm32h723xx.o(RESET)
 <LI><a href="#[5]">UsageFault_Handler</a> from stm32h7xx_it.o(.text.UsageFault_Handler) referenced from startup_stm32h723xx.o(RESET)
 <LI><a href="#[87]">WAKEUP_PIN_IRQHandler</a> from startup_stm32h723xx.o(.text) referenced from startup_stm32h723xx.o(RESET)
 <LI><a href="#[a]">WWDG_IRQHandler</a> from startup_stm32h723xx.o(.text) referenced from startup_stm32h723xx.o(RESET)
 <LI><a href="#[95]">__main</a> from entry.o(.ARM.Collect$$$$00000000) referenced from startup_stm32h723xx.o(.text)
 <LI><a href="#[a6]">communication</a> from fake_rtos.o(.text.communication) referenced from freertos.o(.rodata..L__const.MX_FREERTOS_Init.os_thread_def_Communication)
 <LI><a href="#[9c]">location</a> from fake_rtos.o(.text.location) referenced from freertos.o(.text.MX_FREERTOS_Init)
 <LI><a href="#[93]">main</a> from main.o(.text.main) referenced from entry9a.o(.ARM.Collect$$$$0000000B)
 <LI><a href="#[a7]">motor_control</a> from fake_rtos.o(.text.motor_control) referenced from freertos.o(.rodata..L__const.MX_FREERTOS_Init.os_thread_def_Motor_Control)
 <LI><a href="#[a5]">prvIdleTask</a> from tasks.o(.text.prvIdleTask) referenced 2 times from tasks.o(.text.vTaskStartScheduler)
 <LI><a href="#[a4]">prvTaskExitError</a> from port.o(.text.prvTaskExitError) referenced 2 times from port.o(.text.pxPortInitialiseStack)
</UL>
<P>
<H3>
Global Symbols
</H3>
<P><STRONG><a name="[95]"></a>__main</STRONG> (Thumb, 0 bytes, Stack size unknown bytes, entry.o(.ARM.Collect$$$$00000000))
<BR>[Address Reference Count : 1]<UL><LI> startup_stm32h723xx.o(.text)
</UL>
<P><STRONG><a name="[1f0]"></a>_main_stk</STRONG> (Thumb, 0 bytes, Stack size unknown bytes, entry2.o(.ARM.Collect$$$$00000001))

<P><STRONG><a name="[a8]"></a>_main_scatterload</STRONG> (Thumb, 0 bytes, Stack size unknown bytes, entry5.o(.ARM.Collect$$$$00000004))
<BR><BR>[Calls]<UL><LI><a href="#[a9]">&gt;&gt;</a>&nbsp;&nbsp;&nbsp;__scatterload
</UL>

<P><STRONG><a name="[b7]"></a>__main_after_scatterload</STRONG> (Thumb, 0 bytes, Stack size unknown bytes, entry5.o(.ARM.Collect$$$$00000004))
<BR><BR>[Called By]<UL><LI><a href="#[a9]">&gt;&gt;</a>&nbsp;&nbsp;&nbsp;__scatterload
</UL>

<P><STRONG><a name="[1f1]"></a>_main_clock</STRONG> (Thumb, 0 bytes, Stack size unknown bytes, entry7b.o(.ARM.Collect$$$$00000008))

<P><STRONG><a name="[1f2]"></a>_main_cpp_init</STRONG> (Thumb, 0 bytes, Stack size unknown bytes, entry8b.o(.ARM.Collect$$$$0000000A))

<P><STRONG><a name="[1f3]"></a>_main_init</STRONG> (Thumb, 0 bytes, Stack size unknown bytes, entry9a.o(.ARM.Collect$$$$0000000B))

<P><STRONG><a name="[1f4]"></a>__rt_final_cpp</STRONG> (Thumb, 0 bytes, Stack size unknown bytes, entry10a.o(.ARM.Collect$$$$0000000D))

<P><STRONG><a name="[1f5]"></a>__rt_final_exit</STRONG> (Thumb, 0 bytes, Stack size unknown bytes, entry11a.o(.ARM.Collect$$$$0000000F))

<P><STRONG><a name="[0]"></a>Reset_Handler</STRONG> (Thumb, 8 bytes, Stack size 0 bytes, startup_stm32h723xx.o(.text))
<BR>[Address Reference Count : 1]<UL><LI> startup_stm32h723xx.o(RESET)
</UL>
<P><STRONG><a name="[73]"></a>ADC3_IRQHandler</STRONG> (Thumb, 0 bytes, Stack size 0 bytes, startup_stm32h723xx.o(.text))
<BR><BR>[Calls]<UL><LI><a href="#[73]">&gt;&gt;</a>&nbsp;&nbsp;&nbsp;ADC3_IRQHandler
</UL>
<BR>[Called By]<UL><LI><a href="#[73]">&gt;&gt;</a>&nbsp;&nbsp;&nbsp;ADC3_IRQHandler
</UL>
<BR>[Address Reference Count : 1]<UL><LI> startup_stm32h723xx.o(RESET)
</UL>
<P><STRONG><a name="[1c]"></a>ADC_IRQHandler</STRONG> (Thumb, 0 bytes, Stack size 0 bytes, startup_stm32h723xx.o(.text))
<BR>[Address Reference Count : 1]<UL><LI> startup_stm32h723xx.o(RESET)
</UL>
<P><STRONG><a name="[75]"></a>BDMA_Channel0_IRQHandler</STRONG> (Thumb, 0 bytes, Stack size 0 bytes, startup_stm32h723xx.o(.text))
<BR>[Address Reference Count : 1]<UL><LI> startup_stm32h723xx.o(RESET)
</UL>
<P><STRONG><a name="[76]"></a>BDMA_Channel1_IRQHandler</STRONG> (Thumb, 0 bytes, Stack size 0 bytes, startup_stm32h723xx.o(.text))
<BR>[Address Reference Count : 1]<UL><LI> startup_stm32h723xx.o(RESET)
</UL>
<P><STRONG><a name="[77]"></a>BDMA_Channel2_IRQHandler</STRONG> (Thumb, 0 bytes, Stack size 0 bytes, startup_stm32h723xx.o(.text))
<BR>[Address Reference Count : 1]<UL><LI> startup_stm32h723xx.o(RESET)
</UL>
<P><STRONG><a name="[78]"></a>BDMA_Channel3_IRQHandler</STRONG> (Thumb, 0 bytes, Stack size 0 bytes, startup_stm32h723xx.o(.text))
<BR>[Address Reference Count : 1]<UL><LI> startup_stm32h723xx.o(RESET)
</UL>
<P><STRONG><a name="[79]"></a>BDMA_Channel4_IRQHandler</STRONG> (Thumb, 0 bytes, Stack size 0 bytes, startup_stm32h723xx.o(.text))
<BR>[Address Reference Count : 1]<UL><LI> startup_stm32h723xx.o(RESET)
</UL>
<P><STRONG><a name="[7a]"></a>BDMA_Channel5_IRQHandler</STRONG> (Thumb, 0 bytes, Stack size 0 bytes, startup_stm32h723xx.o(.text))
<BR>[Address Reference Count : 1]<UL><LI> startup_stm32h723xx.o(RESET)
</UL>
<P><STRONG><a name="[7b]"></a>BDMA_Channel6_IRQHandler</STRONG> (Thumb, 0 bytes, Stack size 0 bytes, startup_stm32h723xx.o(.text))
<BR>[Address Reference Count : 1]<UL><LI> startup_stm32h723xx.o(RESET)
</UL>
<P><STRONG><a name="[7c]"></a>BDMA_Channel7_IRQHandler</STRONG> (Thumb, 0 bytes, Stack size 0 bytes, startup_stm32h723xx.o(.text))
<BR>[Address Reference Count : 1]<UL><LI> startup_stm32h723xx.o(RESET)
</UL>
<P><STRONG><a name="[61]"></a>CEC_IRQHandler</STRONG> (Thumb, 0 bytes, Stack size 0 bytes, startup_stm32h723xx.o(.text))
<BR>[Address Reference Count : 1]<UL><LI> startup_stm32h723xx.o(RESET)
</UL>
<P><STRONG><a name="[7d]"></a>COMP1_IRQHandler</STRONG> (Thumb, 0 bytes, Stack size 0 bytes, startup_stm32h723xx.o(.text))
<BR>[Address Reference Count : 1]<UL><LI> startup_stm32h723xx.o(RESET)
</UL>
<P><STRONG><a name="[8a]"></a>CORDIC_IRQHandler</STRONG> (Thumb, 0 bytes, Stack size 0 bytes, startup_stm32h723xx.o(.text))
<BR>[Address Reference Count : 1]<UL><LI> startup_stm32h723xx.o(RESET)
</UL>
<P><STRONG><a name="[83]"></a>CRS_IRQHandler</STRONG> (Thumb, 0 bytes, Stack size 0 bytes, startup_stm32h723xx.o(.text))
<BR>[Address Reference Count : 1]<UL><LI> startup_stm32h723xx.o(RESET)
</UL>
<P><STRONG><a name="[53]"></a>DCMI_PSSI_IRQHandler</STRONG> (Thumb, 0 bytes, Stack size 0 bytes, startup_stm32h723xx.o(.text))
<BR>[Address Reference Count : 1]<UL><LI> startup_stm32h723xx.o(RESET)
</UL>
<P><STRONG><a name="[66]"></a>DFSDM1_FLT0_IRQHandler</STRONG> (Thumb, 0 bytes, Stack size 0 bytes, startup_stm32h723xx.o(.text))
<BR>[Address Reference Count : 1]<UL><LI> startup_stm32h723xx.o(RESET)
</UL>
<P><STRONG><a name="[67]"></a>DFSDM1_FLT1_IRQHandler</STRONG> (Thumb, 0 bytes, Stack size 0 bytes, startup_stm32h723xx.o(.text))
<BR>[Address Reference Count : 1]<UL><LI> startup_stm32h723xx.o(RESET)
</UL>
<P><STRONG><a name="[68]"></a>DFSDM1_FLT2_IRQHandler</STRONG> (Thumb, 0 bytes, Stack size 0 bytes, startup_stm32h723xx.o(.text))
<BR>[Address Reference Count : 1]<UL><LI> startup_stm32h723xx.o(RESET)
</UL>
<P><STRONG><a name="[69]"></a>DFSDM1_FLT3_IRQHandler</STRONG> (Thumb, 0 bytes, Stack size 0 bytes, startup_stm32h723xx.o(.text))
<BR>[Address Reference Count : 1]<UL><LI> startup_stm32h723xx.o(RESET)
</UL>
<P><STRONG><a name="[5e]"></a>DMA2D_IRQHandler</STRONG> (Thumb, 0 bytes, Stack size 0 bytes, startup_stm32h723xx.o(.text))
<BR>[Address Reference Count : 1]<UL><LI> startup_stm32h723xx.o(RESET)
</UL>
<P><STRONG><a name="[43]"></a>DMA2_Stream2_IRQHandler</STRONG> (Thumb, 0 bytes, Stack size 0 bytes, startup_stm32h723xx.o(.text))
<BR>[Address Reference Count : 1]<UL><LI> startup_stm32h723xx.o(RESET)
</UL>
<P><STRONG><a name="[44]"></a>DMA2_Stream3_IRQHandler</STRONG> (Thumb, 0 bytes, Stack size 0 bytes, startup_stm32h723xx.o(.text))
<BR>[Address Reference Count : 1]<UL><LI> startup_stm32h723xx.o(RESET)
</UL>
<P><STRONG><a name="[45]"></a>DMA2_Stream4_IRQHandler</STRONG> (Thumb, 0 bytes, Stack size 0 bytes, startup_stm32h723xx.o(.text))
<BR>[Address Reference Count : 1]<UL><LI> startup_stm32h723xx.o(RESET)
</UL>
<P><STRONG><a name="[49]"></a>DMA2_Stream5_IRQHandler</STRONG> (Thumb, 0 bytes, Stack size 0 bytes, startup_stm32h723xx.o(.text))
<BR>[Address Reference Count : 1]<UL><LI> startup_stm32h723xx.o(RESET)
</UL>
<P><STRONG><a name="[4a]"></a>DMA2_Stream6_IRQHandler</STRONG> (Thumb, 0 bytes, Stack size 0 bytes, startup_stm32h723xx.o(.text))
<BR>[Address Reference Count : 1]<UL><LI> startup_stm32h723xx.o(RESET)
</UL>
<P><STRONG><a name="[4b]"></a>DMA2_Stream7_IRQHandler</STRONG> (Thumb, 0 bytes, Stack size 0 bytes, startup_stm32h723xx.o(.text))
<BR>[Address Reference Count : 1]<UL><LI> startup_stm32h723xx.o(RESET)
</UL>
<P><STRONG><a name="[65]"></a>DMAMUX1_OVR_IRQHandler</STRONG> (Thumb, 0 bytes, Stack size 0 bytes, startup_stm32h723xx.o(.text))
<BR>[Address Reference Count : 1]<UL><LI> startup_stm32h723xx.o(RESET)
</UL>
<P><STRONG><a name="[74]"></a>DMAMUX2_OVR_IRQHandler</STRONG> (Thumb, 0 bytes, Stack size 0 bytes, startup_stm32h723xx.o(.text))
<BR>[Address Reference Count : 1]<UL><LI> startup_stm32h723xx.o(RESET)
</UL>
<P><STRONG><a name="[86]"></a>DTS_IRQHandler</STRONG> (Thumb, 0 bytes, Stack size 0 bytes, startup_stm32h723xx.o(.text))
<BR>[Address Reference Count : 1]<UL><LI> startup_stm32h723xx.o(RESET)
</UL>
<P><STRONG><a name="[84]"></a>ECC_IRQHandler</STRONG> (Thumb, 0 bytes, Stack size 0 bytes, startup_stm32h723xx.o(.text))
<BR>[Address Reference Count : 1]<UL><LI> startup_stm32h723xx.o(RESET)
</UL>
<P><STRONG><a name="[46]"></a>ETH_IRQHandler</STRONG> (Thumb, 0 bytes, Stack size 0 bytes, startup_stm32h723xx.o(.text))
<BR>[Address Reference Count : 1]<UL><LI> startup_stm32h723xx.o(RESET)
</UL>
<P><STRONG><a name="[47]"></a>ETH_WKUP_IRQHandler</STRONG> (Thumb, 0 bytes, Stack size 0 bytes, startup_stm32h723xx.o(.text))
<BR>[Address Reference Count : 1]<UL><LI> startup_stm32h723xx.o(RESET)
</UL>
<P><STRONG><a name="[10]"></a>EXTI0_IRQHandler</STRONG> (Thumb, 0 bytes, Stack size 0 bytes, startup_stm32h723xx.o(.text))
<BR>[Address Reference Count : 1]<UL><LI> startup_stm32h723xx.o(RESET)
</UL>
<P><STRONG><a name="[11]"></a>EXTI1_IRQHandler</STRONG> (Thumb, 0 bytes, Stack size 0 bytes, startup_stm32h723xx.o(.text))
<BR>[Address Reference Count : 1]<UL><LI> startup_stm32h723xx.o(RESET)
</UL>
<P><STRONG><a name="[12]"></a>EXTI2_IRQHandler</STRONG> (Thumb, 0 bytes, Stack size 0 bytes, startup_stm32h723xx.o(.text))
<BR>[Address Reference Count : 1]<UL><LI> startup_stm32h723xx.o(RESET)
</UL>
<P><STRONG><a name="[13]"></a>EXTI3_IRQHandler</STRONG> (Thumb, 0 bytes, Stack size 0 bytes, startup_stm32h723xx.o(.text))
<BR>[Address Reference Count : 1]<UL><LI> startup_stm32h723xx.o(RESET)
</UL>
<P><STRONG><a name="[48]"></a>FDCAN_CAL_IRQHandler</STRONG> (Thumb, 0 bytes, Stack size 0 bytes, startup_stm32h723xx.o(.text))
<BR>[Address Reference Count : 1]<UL><LI> startup_stm32h723xx.o(RESET)
</UL>
<P><STRONG><a name="[e]"></a>FLASH_IRQHandler</STRONG> (Thumb, 0 bytes, Stack size 0 bytes, startup_stm32h723xx.o(.text))
<BR>[Address Reference Count : 1]<UL><LI> startup_stm32h723xx.o(RESET)
</UL>
<P><STRONG><a name="[89]"></a>FMAC_IRQHandler</STRONG> (Thumb, 0 bytes, Stack size 0 bytes, startup_stm32h723xx.o(.text))
<BR>[Address Reference Count : 1]<UL><LI> startup_stm32h723xx.o(RESET)
</UL>
<P><STRONG><a name="[39]"></a>FMC_IRQHandler</STRONG> (Thumb, 0 bytes, Stack size 0 bytes, startup_stm32h723xx.o(.text))
<BR>[Address Reference Count : 1]<UL><LI> startup_stm32h723xx.o(RESET)
</UL>
<P><STRONG><a name="[55]"></a>FPU_IRQHandler</STRONG> (Thumb, 0 bytes, Stack size 0 bytes, startup_stm32h723xx.o(.text))
<BR>[Address Reference Count : 1]<UL><LI> startup_stm32h723xx.o(RESET)
</UL>
<P><STRONG><a name="[72]"></a>HSEM1_IRQHandler</STRONG> (Thumb, 0 bytes, Stack size 0 bytes, startup_stm32h723xx.o(.text))
<BR>[Address Reference Count : 1]<UL><LI> startup_stm32h723xx.o(RESET)
</UL>
<P><STRONG><a name="[2a]"></a>I2C1_ER_IRQHandler</STRONG> (Thumb, 0 bytes, Stack size 0 bytes, startup_stm32h723xx.o(.text))
<BR>[Address Reference Count : 1]<UL><LI> startup_stm32h723xx.o(RESET)
</UL>
<P><STRONG><a name="[29]"></a>I2C1_EV_IRQHandler</STRONG> (Thumb, 0 bytes, Stack size 0 bytes, startup_stm32h723xx.o(.text))
<BR>[Address Reference Count : 1]<UL><LI> startup_stm32h723xx.o(RESET)
</UL>
<P><STRONG><a name="[2c]"></a>I2C2_ER_IRQHandler</STRONG> (Thumb, 0 bytes, Stack size 0 bytes, startup_stm32h723xx.o(.text))
<BR>[Address Reference Count : 1]<UL><LI> startup_stm32h723xx.o(RESET)
</UL>
<P><STRONG><a name="[2b]"></a>I2C2_EV_IRQHandler</STRONG> (Thumb, 0 bytes, Stack size 0 bytes, startup_stm32h723xx.o(.text))
<BR>[Address Reference Count : 1]<UL><LI> startup_stm32h723xx.o(RESET)
</UL>
<P><STRONG><a name="[4e]"></a>I2C3_ER_IRQHandler</STRONG> (Thumb, 0 bytes, Stack size 0 bytes, startup_stm32h723xx.o(.text))
<BR>[Address Reference Count : 1]<UL><LI> startup_stm32h723xx.o(RESET)
</UL>
<P><STRONG><a name="[4d]"></a>I2C3_EV_IRQHandler</STRONG> (Thumb, 0 bytes, Stack size 0 bytes, startup_stm32h723xx.o(.text))
<BR>[Address Reference Count : 1]<UL><LI> startup_stm32h723xx.o(RESET)
</UL>
<P><STRONG><a name="[63]"></a>I2C4_ER_IRQHandler</STRONG> (Thumb, 0 bytes, Stack size 0 bytes, startup_stm32h723xx.o(.text))
<BR>[Address Reference Count : 1]<UL><LI> startup_stm32h723xx.o(RESET)
</UL>
<P><STRONG><a name="[62]"></a>I2C4_EV_IRQHandler</STRONG> (Thumb, 0 bytes, Stack size 0 bytes, startup_stm32h723xx.o(.text))
<BR>[Address Reference Count : 1]<UL><LI> startup_stm32h723xx.o(RESET)
</UL>
<P><STRONG><a name="[8e]"></a>I2C5_ER_IRQHandler</STRONG> (Thumb, 0 bytes, Stack size 0 bytes, startup_stm32h723xx.o(.text))
<BR>[Address Reference Count : 1]<UL><LI> startup_stm32h723xx.o(RESET)
</UL>
<P><STRONG><a name="[8d]"></a>I2C5_EV_IRQHandler</STRONG> (Thumb, 0 bytes, Stack size 0 bytes, startup_stm32h723xx.o(.text))
<BR>[Address Reference Count : 1]<UL><LI> startup_stm32h723xx.o(RESET)
</UL>
<P><STRONG><a name="[60]"></a>LPTIM1_IRQHandler</STRONG> (Thumb, 0 bytes, Stack size 0 bytes, startup_stm32h723xx.o(.text))
<BR>[Address Reference Count : 1]<UL><LI> startup_stm32h723xx.o(RESET)
</UL>
<P><STRONG><a name="[7e]"></a>LPTIM2_IRQHandler</STRONG> (Thumb, 0 bytes, Stack size 0 bytes, startup_stm32h723xx.o(.text))
<BR>[Address Reference Count : 1]<UL><LI> startup_stm32h723xx.o(RESET)
</UL>
<P><STRONG><a name="[7f]"></a>LPTIM3_IRQHandler</STRONG> (Thumb, 0 bytes, Stack size 0 bytes, startup_stm32h723xx.o(.text))
<BR>[Address Reference Count : 1]<UL><LI> startup_stm32h723xx.o(RESET)
</UL>
<P><STRONG><a name="[80]"></a>LPTIM4_IRQHandler</STRONG> (Thumb, 0 bytes, Stack size 0 bytes, startup_stm32h723xx.o(.text))
<BR>[Address Reference Count : 1]<UL><LI> startup_stm32h723xx.o(RESET)
</UL>
<P><STRONG><a name="[81]"></a>LPTIM5_IRQHandler</STRONG> (Thumb, 0 bytes, Stack size 0 bytes, startup_stm32h723xx.o(.text))
<BR>[Address Reference Count : 1]<UL><LI> startup_stm32h723xx.o(RESET)
</UL>
<P><STRONG><a name="[82]"></a>LPUART1_IRQHandler</STRONG> (Thumb, 0 bytes, Stack size 0 bytes, startup_stm32h723xx.o(.text))
<BR>[Address Reference Count : 1]<UL><LI> startup_stm32h723xx.o(RESET)
</UL>
<P><STRONG><a name="[5d]"></a>LTDC_ER_IRQHandler</STRONG> (Thumb, 0 bytes, Stack size 0 bytes, startup_stm32h723xx.o(.text))
<BR>[Address Reference Count : 1]<UL><LI> startup_stm32h723xx.o(RESET)
</UL>
<P><STRONG><a name="[5c]"></a>LTDC_IRQHandler</STRONG> (Thumb, 0 bytes, Stack size 0 bytes, startup_stm32h723xx.o(.text))
<BR>[Address Reference Count : 1]<UL><LI> startup_stm32h723xx.o(RESET)
</UL>
<P><STRONG><a name="[6f]"></a>MDIOS_IRQHandler</STRONG> (Thumb, 0 bytes, Stack size 0 bytes, startup_stm32h723xx.o(.text))
<BR>[Address Reference Count : 1]<UL><LI> startup_stm32h723xx.o(RESET)
</UL>
<P><STRONG><a name="[6e]"></a>MDIOS_WKUP_IRQHandler</STRONG> (Thumb, 0 bytes, Stack size 0 bytes, startup_stm32h723xx.o(.text))
<BR>[Address Reference Count : 1]<UL><LI> startup_stm32h723xx.o(RESET)
</UL>
<P><STRONG><a name="[70]"></a>MDMA_IRQHandler</STRONG> (Thumb, 0 bytes, Stack size 0 bytes, startup_stm32h723xx.o(.text))
<BR>[Address Reference Count : 1]<UL><LI> startup_stm32h723xx.o(RESET)
</UL>
<P><STRONG><a name="[5f]"></a>OCTOSPI1_IRQHandler</STRONG> (Thumb, 0 bytes, Stack size 0 bytes, startup_stm32h723xx.o(.text))
<BR>[Address Reference Count : 1]<UL><LI> startup_stm32h723xx.o(RESET)
</UL>
<P><STRONG><a name="[88]"></a>OCTOSPI2_IRQHandler</STRONG> (Thumb, 0 bytes, Stack size 0 bytes, startup_stm32h723xx.o(.text))
<BR>[Address Reference Count : 1]<UL><LI> startup_stm32h723xx.o(RESET)
</UL>
<P><STRONG><a name="[50]"></a>OTG_HS_EP1_IN_IRQHandler</STRONG> (Thumb, 0 bytes, Stack size 0 bytes, startup_stm32h723xx.o(.text))
<BR>[Address Reference Count : 1]<UL><LI> startup_stm32h723xx.o(RESET)
</UL>
<P><STRONG><a name="[4f]"></a>OTG_HS_EP1_OUT_IRQHandler</STRONG> (Thumb, 0 bytes, Stack size 0 bytes, startup_stm32h723xx.o(.text))
<BR>[Address Reference Count : 1]<UL><LI> startup_stm32h723xx.o(RESET)
</UL>
<P><STRONG><a name="[52]"></a>OTG_HS_IRQHandler</STRONG> (Thumb, 0 bytes, Stack size 0 bytes, startup_stm32h723xx.o(.text))
<BR>[Address Reference Count : 1]<UL><LI> startup_stm32h723xx.o(RESET)
</UL>
<P><STRONG><a name="[51]"></a>OTG_HS_WKUP_IRQHandler</STRONG> (Thumb, 0 bytes, Stack size 0 bytes, startup_stm32h723xx.o(.text))
<BR>[Address Reference Count : 1]<UL><LI> startup_stm32h723xx.o(RESET)
</UL>
<P><STRONG><a name="[b]"></a>PVD_AVD_IRQHandler</STRONG> (Thumb, 0 bytes, Stack size 0 bytes, startup_stm32h723xx.o(.text))
<BR>[Address Reference Count : 1]<UL><LI> startup_stm32h723xx.o(RESET)
</UL>
<P><STRONG><a name="[f]"></a>RCC_IRQHandler</STRONG> (Thumb, 0 bytes, Stack size 0 bytes, startup_stm32h723xx.o(.text))
<BR>[Address Reference Count : 1]<UL><LI> startup_stm32h723xx.o(RESET)
</UL>
<P><STRONG><a name="[54]"></a>RNG_IRQHandler</STRONG> (Thumb, 0 bytes, Stack size 0 bytes, startup_stm32h723xx.o(.text))
<BR>[Address Reference Count : 1]<UL><LI> startup_stm32h723xx.o(RESET)
</UL>
<P><STRONG><a name="[33]"></a>RTC_Alarm_IRQHandler</STRONG> (Thumb, 0 bytes, Stack size 0 bytes, startup_stm32h723xx.o(.text))
<BR>[Address Reference Count : 1]<UL><LI> startup_stm32h723xx.o(RESET)
</UL>
<P><STRONG><a name="[d]"></a>RTC_WKUP_IRQHandler</STRONG> (Thumb, 0 bytes, Stack size 0 bytes, startup_stm32h723xx.o(.text))
<BR>[Address Reference Count : 1]<UL><LI> startup_stm32h723xx.o(RESET)
</UL>
<P><STRONG><a name="[5b]"></a>SAI1_IRQHandler</STRONG> (Thumb, 0 bytes, Stack size 0 bytes, startup_stm32h723xx.o(.text))
<BR>[Address Reference Count : 1]<UL><LI> startup_stm32h723xx.o(RESET)
</UL>
<P><STRONG><a name="[85]"></a>SAI4_IRQHandler</STRONG> (Thumb, 0 bytes, Stack size 0 bytes, startup_stm32h723xx.o(.text))
<BR>[Address Reference Count : 1]<UL><LI> startup_stm32h723xx.o(RESET)
</UL>
<P><STRONG><a name="[3a]"></a>SDMMC1_IRQHandler</STRONG> (Thumb, 0 bytes, Stack size 0 bytes, startup_stm32h723xx.o(.text))
<BR>[Address Reference Count : 1]<UL><LI> startup_stm32h723xx.o(RESET)
</UL>
<P><STRONG><a name="[71]"></a>SDMMC2_IRQHandler</STRONG> (Thumb, 0 bytes, Stack size 0 bytes, startup_stm32h723xx.o(.text))
<BR>[Address Reference Count : 1]<UL><LI> startup_stm32h723xx.o(RESET)
</UL>
<P><STRONG><a name="[64]"></a>SPDIF_RX_IRQHandler</STRONG> (Thumb, 0 bytes, Stack size 0 bytes, startup_stm32h723xx.o(.text))
<BR>[Address Reference Count : 1]<UL><LI> startup_stm32h723xx.o(RESET)
</UL>
<P><STRONG><a name="[2d]"></a>SPI1_IRQHandler</STRONG> (Thumb, 0 bytes, Stack size 0 bytes, startup_stm32h723xx.o(.text))
<BR>[Address Reference Count : 1]<UL><LI> startup_stm32h723xx.o(RESET)
</UL>
<P><STRONG><a name="[2e]"></a>SPI2_IRQHandler</STRONG> (Thumb, 0 bytes, Stack size 0 bytes, startup_stm32h723xx.o(.text))
<BR>[Address Reference Count : 1]<UL><LI> startup_stm32h723xx.o(RESET)
</UL>
<P><STRONG><a name="[3c]"></a>SPI3_IRQHandler</STRONG> (Thumb, 0 bytes, Stack size 0 bytes, startup_stm32h723xx.o(.text))
<BR>[Address Reference Count : 1]<UL><LI> startup_stm32h723xx.o(RESET)
</UL>
<P><STRONG><a name="[59]"></a>SPI5_IRQHandler</STRONG> (Thumb, 0 bytes, Stack size 0 bytes, startup_stm32h723xx.o(.text))
<BR>[Address Reference Count : 1]<UL><LI> startup_stm32h723xx.o(RESET)
</UL>
<P><STRONG><a name="[5a]"></a>SPI6_IRQHandler</STRONG> (Thumb, 0 bytes, Stack size 0 bytes, startup_stm32h723xx.o(.text))
<BR>[Address Reference Count : 1]<UL><LI> startup_stm32h723xx.o(RESET)
</UL>
<P><STRONG><a name="[6a]"></a>SWPMI1_IRQHandler</STRONG> (Thumb, 0 bytes, Stack size 0 bytes, startup_stm32h723xx.o(.text))
<BR>[Address Reference Count : 1]<UL><LI> startup_stm32h723xx.o(RESET)
</UL>
<P><STRONG><a name="[c]"></a>TAMP_STAMP_IRQHandler</STRONG> (Thumb, 0 bytes, Stack size 0 bytes, startup_stm32h723xx.o(.text))
<BR>[Address Reference Count : 1]<UL><LI> startup_stm32h723xx.o(RESET)
</UL>
<P><STRONG><a name="[6b]"></a>TIM15_IRQHandler</STRONG> (Thumb, 0 bytes, Stack size 0 bytes, startup_stm32h723xx.o(.text))
<BR>[Address Reference Count : 1]<UL><LI> startup_stm32h723xx.o(RESET)
</UL>
<P><STRONG><a name="[6c]"></a>TIM16_IRQHandler</STRONG> (Thumb, 0 bytes, Stack size 0 bytes, startup_stm32h723xx.o(.text))
<BR>[Address Reference Count : 1]<UL><LI> startup_stm32h723xx.o(RESET)
</UL>
<P><STRONG><a name="[6d]"></a>TIM17_IRQHandler</STRONG> (Thumb, 0 bytes, Stack size 0 bytes, startup_stm32h723xx.o(.text))
<BR>[Address Reference Count : 1]<UL><LI> startup_stm32h723xx.o(RESET)
</UL>
<P><STRONG><a name="[22]"></a>TIM1_BRK_IRQHandler</STRONG> (Thumb, 0 bytes, Stack size 0 bytes, startup_stm32h723xx.o(.text))
<BR>[Address Reference Count : 1]<UL><LI> startup_stm32h723xx.o(RESET)
</UL>
<P><STRONG><a name="[25]"></a>TIM1_CC_IRQHandler</STRONG> (Thumb, 0 bytes, Stack size 0 bytes, startup_stm32h723xx.o(.text))
<BR>[Address Reference Count : 1]<UL><LI> startup_stm32h723xx.o(RESET)
</UL>
<P><STRONG><a name="[24]"></a>TIM1_TRG_COM_IRQHandler</STRONG> (Thumb, 0 bytes, Stack size 0 bytes, startup_stm32h723xx.o(.text))
<BR>[Address Reference Count : 1]<UL><LI> startup_stm32h723xx.o(RESET)
</UL>
<P><STRONG><a name="[23]"></a>TIM1_UP_IRQHandler</STRONG> (Thumb, 0 bytes, Stack size 0 bytes, startup_stm32h723xx.o(.text))
<BR>[Address Reference Count : 1]<UL><LI> startup_stm32h723xx.o(RESET)
</UL>
<P><STRONG><a name="[92]"></a>TIM24_IRQHandler</STRONG> (Thumb, 0 bytes, Stack size 0 bytes, startup_stm32h723xx.o(.text))
<BR>[Address Reference Count : 1]<UL><LI> startup_stm32h723xx.o(RESET)
</UL>
<P><STRONG><a name="[3b]"></a>TIM5_IRQHandler</STRONG> (Thumb, 0 bytes, Stack size 0 bytes, startup_stm32h723xx.o(.text))
<BR>[Address Reference Count : 1]<UL><LI> startup_stm32h723xx.o(RESET)
</UL>
<P><STRONG><a name="[3f]"></a>TIM6_DAC_IRQHandler</STRONG> (Thumb, 0 bytes, Stack size 0 bytes, startup_stm32h723xx.o(.text))
<BR>[Address Reference Count : 1]<UL><LI> startup_stm32h723xx.o(RESET)
</UL>
<P><STRONG><a name="[40]"></a>TIM7_IRQHandler</STRONG> (Thumb, 0 bytes, Stack size 0 bytes, startup_stm32h723xx.o(.text))
<BR>[Address Reference Count : 1]<UL><LI> startup_stm32h723xx.o(RESET)
</UL>
<P><STRONG><a name="[34]"></a>TIM8_BRK_TIM12_IRQHandler</STRONG> (Thumb, 0 bytes, Stack size 0 bytes, startup_stm32h723xx.o(.text))
<BR>[Address Reference Count : 1]<UL><LI> startup_stm32h723xx.o(RESET)
</UL>
<P><STRONG><a name="[37]"></a>TIM8_CC_IRQHandler</STRONG> (Thumb, 0 bytes, Stack size 0 bytes, startup_stm32h723xx.o(.text))
<BR>[Address Reference Count : 1]<UL><LI> startup_stm32h723xx.o(RESET)
</UL>
<P><STRONG><a name="[36]"></a>TIM8_TRG_COM_TIM14_IRQHandler</STRONG> (Thumb, 0 bytes, Stack size 0 bytes, startup_stm32h723xx.o(.text))
<BR>[Address Reference Count : 1]<UL><LI> startup_stm32h723xx.o(RESET)
</UL>
<P><STRONG><a name="[35]"></a>TIM8_UP_TIM13_IRQHandler</STRONG> (Thumb, 0 bytes, Stack size 0 bytes, startup_stm32h723xx.o(.text))
<BR>[Address Reference Count : 1]<UL><LI> startup_stm32h723xx.o(RESET)
</UL>
<P><STRONG><a name="[3e]"></a>UART5_IRQHandler</STRONG> (Thumb, 0 bytes, Stack size 0 bytes, startup_stm32h723xx.o(.text))
<BR>[Address Reference Count : 1]<UL><LI> startup_stm32h723xx.o(RESET)
</UL>
<P><STRONG><a name="[56]"></a>UART7_IRQHandler</STRONG> (Thumb, 0 bytes, Stack size 0 bytes, startup_stm32h723xx.o(.text))
<BR>[Address Reference Count : 1]<UL><LI> startup_stm32h723xx.o(RESET)
</UL>
<P><STRONG><a name="[57]"></a>UART8_IRQHandler</STRONG> (Thumb, 0 bytes, Stack size 0 bytes, startup_stm32h723xx.o(.text))
<BR>[Address Reference Count : 1]<UL><LI> startup_stm32h723xx.o(RESET)
</UL>
<P><STRONG><a name="[8b]"></a>UART9_IRQHandler</STRONG> (Thumb, 0 bytes, Stack size 0 bytes, startup_stm32h723xx.o(.text))
<BR>[Address Reference Count : 1]<UL><LI> startup_stm32h723xx.o(RESET)
</UL>
<P><STRONG><a name="[8c]"></a>USART10_IRQHandler</STRONG> (Thumb, 0 bytes, Stack size 0 bytes, startup_stm32h723xx.o(.text))
<BR>[Address Reference Count : 1]<UL><LI> startup_stm32h723xx.o(RESET)
</UL>
<P><STRONG><a name="[4c]"></a>USART6_IRQHandler</STRONG> (Thumb, 0 bytes, Stack size 0 bytes, startup_stm32h723xx.o(.text))
<BR>[Address Reference Count : 1]<UL><LI> startup_stm32h723xx.o(RESET)
</UL>
<P><STRONG><a name="[87]"></a>WAKEUP_PIN_IRQHandler</STRONG> (Thumb, 0 bytes, Stack size 0 bytes, startup_stm32h723xx.o(.text))
<BR>[Address Reference Count : 1]<UL><LI> startup_stm32h723xx.o(RESET)
</UL>
<P><STRONG><a name="[a]"></a>WWDG_IRQHandler</STRONG> (Thumb, 0 bytes, Stack size 0 bytes, startup_stm32h723xx.o(.text))
<BR>[Address Reference Count : 1]<UL><LI> startup_stm32h723xx.o(RESET)
</UL>
<P><STRONG><a name="[aa]"></a>__aeabi_uldivmod</STRONG> (Thumb, 98 bytes, Stack size 40 bytes, uldiv.o(.text))
<BR><BR>[Stack]<UL><LI>Max Depth = 40<LI>Call Chain = __aeabi_uldivmod
</UL>
<BR>[Calls]<UL><LI><a href="#[ab]">&gt;&gt;</a>&nbsp;&nbsp;&nbsp;__aeabi_llsr
<LI><a href="#[ac]">&gt;&gt;</a>&nbsp;&nbsp;&nbsp;__aeabi_llsl
</UL>
<BR>[Called By]<UL><LI><a href="#[173]">&gt;&gt;</a>&nbsp;&nbsp;&nbsp;UART_SetConfig
</UL>

<P><STRONG><a name="[e3]"></a>__aeabi_memcpy</STRONG> (Thumb, 36 bytes, Stack size 0 bytes, memcpya.o(.text))
<BR><BR>[Called By]<UL><LI><a href="#[112]">&gt;&gt;</a>&nbsp;&nbsp;&nbsp;Get_Vision_Data
<LI><a href="#[1bf]">&gt;&gt;</a>&nbsp;&nbsp;&nbsp;Vision_Basket_Decode
<LI><a href="#[bd]">&gt;&gt;</a>&nbsp;&nbsp;&nbsp;Self_Lock_Out
<LI><a href="#[e2]">&gt;&gt;</a>&nbsp;&nbsp;&nbsp;DRV_CANFDSPI_ReceiveMessageGet
<LI><a href="#[e7]">&gt;&gt;</a>&nbsp;&nbsp;&nbsp;DRV_CANFDSPI_TransmitChannelLoad
</UL>

<P><STRONG><a name="[1f6]"></a>__aeabi_memcpy4</STRONG> (Thumb, 0 bytes, Stack size 0 bytes, memcpya.o(.text), UNUSED)

<P><STRONG><a name="[1f7]"></a>__aeabi_memcpy8</STRONG> (Thumb, 0 bytes, Stack size 0 bytes, memcpya.o(.text), UNUSED)

<P><STRONG><a name="[ae]"></a>__aeabi_memset</STRONG> (Thumb, 14 bytes, Stack size 0 bytes, memseta.o(.text))
<BR><BR>[Called By]<UL><LI><a href="#[de]">&gt;&gt;</a>&nbsp;&nbsp;&nbsp;DRV_CANFDSPI_RamInit
<LI><a href="#[af]">&gt;&gt;</a>&nbsp;&nbsp;&nbsp;_memset$wrapper
<LI><a href="#[ad]">&gt;&gt;</a>&nbsp;&nbsp;&nbsp;__aeabi_memclr
</UL>

<P><STRONG><a name="[1f8]"></a>__aeabi_memset4</STRONG> (Thumb, 0 bytes, Stack size 0 bytes, memseta.o(.text), UNUSED)

<P><STRONG><a name="[1f9]"></a>__aeabi_memset8</STRONG> (Thumb, 0 bytes, Stack size 0 bytes, memseta.o(.text), UNUSED)

<P><STRONG><a name="[ad]"></a>__aeabi_memclr</STRONG> (Thumb, 4 bytes, Stack size 0 bytes, memseta.o(.text))
<BR><BR>[Calls]<UL><LI><a href="#[ae]">&gt;&gt;</a>&nbsp;&nbsp;&nbsp;__aeabi_memset
</UL>
<BR>[Called By]<UL><LI><a href="#[cb]">&gt;&gt;</a>&nbsp;&nbsp;&nbsp;Commu_init
<LI><a href="#[e2]">&gt;&gt;</a>&nbsp;&nbsp;&nbsp;DRV_CANFDSPI_ReceiveMessageGet
<LI><a href="#[e7]">&gt;&gt;</a>&nbsp;&nbsp;&nbsp;DRV_CANFDSPI_TransmitChannelLoad
</UL>

<P><STRONG><a name="[17b]"></a>__aeabi_memclr4</STRONG> (Thumb, 0 bytes, Stack size 0 bytes, memseta.o(.text))
<BR><BR>[Called By]<UL><LI><a href="#[186]">&gt;&gt;</a>&nbsp;&nbsp;&nbsp;MX_SPI5_Init
<LI><a href="#[185]">&gt;&gt;</a>&nbsp;&nbsp;&nbsp;MX_SPI4_Init
<LI><a href="#[187]">&gt;&gt;</a>&nbsp;&nbsp;&nbsp;MX_TIM1_Init
<LI><a href="#[1b4]">&gt;&gt;</a>&nbsp;&nbsp;&nbsp;SystemClock_Config
<LI><a href="#[110]">&gt;&gt;</a>&nbsp;&nbsp;&nbsp;MCP2518FD_ReceiveData
</UL>

<P><STRONG><a name="[1c5]"></a>__aeabi_memclr8</STRONG> (Thumb, 0 bytes, Stack size 0 bytes, memseta.o(.text))
<BR><BR>[Called By]<UL><LI><a href="#[93]">&gt;&gt;</a>&nbsp;&nbsp;&nbsp;main
</UL>

<P><STRONG><a name="[af]"></a>_memset$wrapper</STRONG> (Thumb, 18 bytes, Stack size 8 bytes, memseta.o(.text), UNUSED)
<BR><BR>[Calls]<UL><LI><a href="#[ae]">&gt;&gt;</a>&nbsp;&nbsp;&nbsp;__aeabi_memset
</UL>

<P><STRONG><a name="[1af]"></a>strlen</STRONG> (Thumb, 14 bytes, Stack size 0 bytes, strlen.o(.text))
<BR><BR>[Called By]<UL><LI><a href="#[bd]">&gt;&gt;</a>&nbsp;&nbsp;&nbsp;Self_Lock_Out
</UL>

<P><STRONG><a name="[ff]"></a>strcmp</STRONG> (Thumb, 28 bytes, Stack size 8 bytes, strcmp.o(.text))
<BR><BR>[Stack]<UL><LI>Max Depth = 8<LI>Call Chain = strcmp
</UL>
<BR>[Called By]<UL><LI><a href="#[107]">&gt;&gt;</a>&nbsp;&nbsp;&nbsp;Odometer_Clear
<LI><a href="#[f1]">&gt;&gt;</a>&nbsp;&nbsp;&nbsp;Tell_Yao_Xuan
<LI><a href="#[bd]">&gt;&gt;</a>&nbsp;&nbsp;&nbsp;Self_Lock_Out
<LI><a href="#[f9]">&gt;&gt;</a>&nbsp;&nbsp;&nbsp;FDCAN_Send
</UL>

<P><STRONG><a name="[c7]"></a>strcpy</STRONG> (Thumb, 18 bytes, Stack size 0 bytes, strcpy.o(.text))
<BR><BR>[Called By]<UL><LI><a href="#[c6]">&gt;&gt;</a>&nbsp;&nbsp;&nbsp;Can_Detect
</UL>

<P><STRONG><a name="[b0]"></a>__aeabi_l2f</STRONG> (Thumb, 44 bytes, Stack size 16 bytes, ffltl.o(.text))
<BR><BR>[Stack]<UL><LI>Max Depth = 20<LI>Call Chain = __aeabi_l2f &rArr; _float_epilogue
</UL>
<BR>[Calls]<UL><LI><a href="#[b1]">&gt;&gt;</a>&nbsp;&nbsp;&nbsp;_float_epilogue
</UL>
<BR>[Called By]<UL><LI><a href="#[176]">&gt;&gt;</a>&nbsp;&nbsp;&nbsp;HO7213_Decode_for_FDC
<LI><a href="#[1db]">&gt;&gt;</a>&nbsp;&nbsp;&nbsp;vApplicationTickHook
</UL>

<P><STRONG><a name="[b2]"></a>__aeabi_l2d</STRONG> (Thumb, 40 bytes, Stack size 24 bytes, dfltl.o(.text))
<BR><BR>[Stack]<UL><LI>Max Depth = 64<LI>Call Chain = __aeabi_l2d &rArr; _double_epilogue &rArr; _double_round
</UL>
<BR>[Calls]<UL><LI><a href="#[b3]">&gt;&gt;</a>&nbsp;&nbsp;&nbsp;_double_epilogue
</UL>
<BR>[Called By]<UL><LI><a href="#[176]">&gt;&gt;</a>&nbsp;&nbsp;&nbsp;HO7213_Decode_for_FDC
</UL>

<P><STRONG><a name="[b4]"></a>__aeabi_f2lz</STRONG> (Thumb, 66 bytes, Stack size 8 bytes, ffixl.o(.text))
<BR><BR>[Stack]<UL><LI>Max Depth = 8<LI>Call Chain = __aeabi_f2lz
</UL>
<BR>[Calls]<UL><LI><a href="#[ac]">&gt;&gt;</a>&nbsp;&nbsp;&nbsp;__aeabi_llsl
</UL>
<BR>[Called By]<UL><LI><a href="#[19d]">&gt;&gt;</a>&nbsp;&nbsp;&nbsp;Motor_Control_byFDCN
</UL>

<P><STRONG><a name="[b5]"></a>__aeabi_d2lz</STRONG> (Thumb, 74 bytes, Stack size 16 bytes, dfixl.o(.text))
<BR><BR>[Stack]<UL><LI>Max Depth = 16<LI>Call Chain = __aeabi_d2lz
</UL>
<BR>[Calls]<UL><LI><a href="#[ab]">&gt;&gt;</a>&nbsp;&nbsp;&nbsp;__aeabi_llsr
<LI><a href="#[ac]">&gt;&gt;</a>&nbsp;&nbsp;&nbsp;__aeabi_llsl
</UL>
<BR>[Called By]<UL><LI><a href="#[176]">&gt;&gt;</a>&nbsp;&nbsp;&nbsp;HO7213_Decode_for_FDC
</UL>

<P><STRONG><a name="[ac]"></a>__aeabi_llsl</STRONG> (Thumb, 30 bytes, Stack size 0 bytes, llshl.o(.text))
<BR><BR>[Called By]<UL><LI><a href="#[b5]">&gt;&gt;</a>&nbsp;&nbsp;&nbsp;__aeabi_d2lz
<LI><a href="#[b4]">&gt;&gt;</a>&nbsp;&nbsp;&nbsp;__aeabi_f2lz
<LI><a href="#[b3]">&gt;&gt;</a>&nbsp;&nbsp;&nbsp;_double_epilogue
<LI><a href="#[aa]">&gt;&gt;</a>&nbsp;&nbsp;&nbsp;__aeabi_uldivmod
</UL>

<P><STRONG><a name="[1fa]"></a>_ll_shift_l</STRONG> (Thumb, 0 bytes, Stack size 0 bytes, llshl.o(.text), UNUSED)

<P><STRONG><a name="[ab]"></a>__aeabi_llsr</STRONG> (Thumb, 32 bytes, Stack size 0 bytes, llushr.o(.text))
<BR><BR>[Called By]<UL><LI><a href="#[b5]">&gt;&gt;</a>&nbsp;&nbsp;&nbsp;__aeabi_d2lz
<LI><a href="#[b3]">&gt;&gt;</a>&nbsp;&nbsp;&nbsp;_double_epilogue
<LI><a href="#[aa]">&gt;&gt;</a>&nbsp;&nbsp;&nbsp;__aeabi_uldivmod
</UL>

<P><STRONG><a name="[1fb]"></a>_ll_ushift_r</STRONG> (Thumb, 0 bytes, Stack size 0 bytes, llushr.o(.text), UNUSED)

<P><STRONG><a name="[1fc]"></a>__I$use$fp</STRONG> (Thumb, 0 bytes, Stack size 0 bytes, iusefp.o(.text), UNUSED)

<P><STRONG><a name="[1fd]"></a>_float_round</STRONG> (Thumb, 18 bytes, Stack size 0 bytes, fepilogue.o(.text), UNUSED)

<P><STRONG><a name="[b1]"></a>_float_epilogue</STRONG> (Thumb, 92 bytes, Stack size 4 bytes, fepilogue.o(.text))
<BR><BR>[Stack]<UL><LI>Max Depth = 4<LI>Call Chain = _float_epilogue
</UL>
<BR>[Called By]<UL><LI><a href="#[b0]">&gt;&gt;</a>&nbsp;&nbsp;&nbsp;__aeabi_l2f
</UL>

<P><STRONG><a name="[b6]"></a>_double_round</STRONG> (Thumb, 30 bytes, Stack size 8 bytes, depilogue.o(.text))
<BR><BR>[Stack]<UL><LI>Max Depth = 8<LI>Call Chain = _double_round
</UL>
<BR>[Called By]<UL><LI><a href="#[b3]">&gt;&gt;</a>&nbsp;&nbsp;&nbsp;_double_epilogue
</UL>

<P><STRONG><a name="[b3]"></a>_double_epilogue</STRONG> (Thumb, 156 bytes, Stack size 32 bytes, depilogue.o(.text))
<BR><BR>[Stack]<UL><LI>Max Depth = 40<LI>Call Chain = _double_epilogue &rArr; _double_round
</UL>
<BR>[Calls]<UL><LI><a href="#[b6]">&gt;&gt;</a>&nbsp;&nbsp;&nbsp;_double_round
<LI><a href="#[ab]">&gt;&gt;</a>&nbsp;&nbsp;&nbsp;__aeabi_llsr
<LI><a href="#[ac]">&gt;&gt;</a>&nbsp;&nbsp;&nbsp;__aeabi_llsl
</UL>
<BR>[Called By]<UL><LI><a href="#[b2]">&gt;&gt;</a>&nbsp;&nbsp;&nbsp;__aeabi_l2d
</UL>

<P><STRONG><a name="[a9]"></a>__scatterload</STRONG> (Thumb, 38 bytes, Stack size 0 bytes, init.o(.text))
<BR><BR>[Calls]<UL><LI><a href="#[b7]">&gt;&gt;</a>&nbsp;&nbsp;&nbsp;__main_after_scatterload
</UL>
<BR>[Called By]<UL><LI><a href="#[a8]">&gt;&gt;</a>&nbsp;&nbsp;&nbsp;_main_scatterload
</UL>

<P><STRONG><a name="[1fe]"></a>__scatterload_rt2</STRONG> (Thumb, 0 bytes, Stack size 0 bytes, init.o(.text), UNUSED)

<P><STRONG><a name="[1ff]"></a>__decompress</STRONG> (Thumb, 0 bytes, Stack size unknown bytes, __dczerorl2.o(.text), UNUSED)

<P><STRONG><a name="[200]"></a>__decompress1</STRONG> (Thumb, 86 bytes, Stack size unknown bytes, __dczerorl2.o(.text), UNUSED)

<P><STRONG><a name="[b8]"></a>Auto_Flow</STRONG> (Thumb, 176 bytes, Stack size 16 bytes, flow.o(.text.Auto_Flow))
<BR><BR>[Stack]<UL><LI>Max Depth = 360<LI>Call Chain = Auto_Flow &rArr; Dribble_Flow &rArr; Tell_Yao_Xuan &rArr; FDCAN_Send &rArr; MCP2518FD_SendData &rArr; DRV_CANFDSPI_TransmitChannelLoad &rArr; DRV_SPI_TransferData &rArr; HAL_SPI_TransmitReceive
</UL>
<BR>[Calls]<UL><LI><a href="#[b9]">&gt;&gt;</a>&nbsp;&nbsp;&nbsp;Dribble_Flow
<LI><a href="#[ba]">&gt;&gt;</a>&nbsp;&nbsp;&nbsp;Dunk_Flow
<LI><a href="#[bd]">&gt;&gt;</a>&nbsp;&nbsp;&nbsp;Self_Lock_Out
<LI><a href="#[bb]">&gt;&gt;</a>&nbsp;&nbsp;&nbsp;Position_With_Mark_PID_Run
<LI><a href="#[bc]">&gt;&gt;</a>&nbsp;&nbsp;&nbsp;__hardfp_hypot
</UL>
<BR>[Called By]<UL><LI><a href="#[a7]">&gt;&gt;</a>&nbsp;&nbsp;&nbsp;motor_control
</UL>

<P><STRONG><a name="[105]"></a>Back_GamePadControl</STRONG> (Thumb, 36 bytes, Stack size 0 bytes, flow.o(.text.Back_GamePadControl))
<BR><BR>[Called By]<UL><LI><a href="#[103]">&gt;&gt;</a>&nbsp;&nbsp;&nbsp;GamePad_Data_Cla
</UL>

<P><STRONG><a name="[f3]"></a>BasketAngleLock</STRONG> (Thumb, 276 bytes, Stack size 0 bytes, basket.o(.text.BasketAngleLock))
<BR><BR>[Called By]<UL><LI><a href="#[ba]">&gt;&gt;</a>&nbsp;&nbsp;&nbsp;Dunk_Flow
<LI><a href="#[109]">&gt;&gt;</a>&nbsp;&nbsp;&nbsp;GamePad_Velocity_Control
</UL>

<P><STRONG><a name="[be]"></a>BasketPoint_Init</STRONG> (Thumb, 336 bytes, Stack size 56 bytes, basket.o(.text.BasketPoint_Init))
<BR><BR>[Stack]<UL><LI>Max Depth = 240<LI>Call Chain = BasketPoint_Init &rArr; __hardfp_cos &rArr; __ieee754_rem_pio2 &rArr; fabs
</UL>
<BR>[Calls]<UL><LI><a href="#[c0]">&gt;&gt;</a>&nbsp;&nbsp;&nbsp;__hardfp_cos
<LI><a href="#[bf]">&gt;&gt;</a>&nbsp;&nbsp;&nbsp;__hardfp_atan2f
<LI><a href="#[c1]">&gt;&gt;</a>&nbsp;&nbsp;&nbsp;__hardfp_sin
</UL>
<BR>[Called By]<UL><LI><a href="#[ba]">&gt;&gt;</a>&nbsp;&nbsp;&nbsp;Dunk_Flow
</UL>

<P><STRONG><a name="[c2]"></a>BasketPositionCal_AccordingVision</STRONG> (Thumb, 92 bytes, Stack size 8 bytes, basket.o(.text.BasketPositionCal_AccordingVision))
<BR><BR>[Stack]<UL><LI>Max Depth = 128<LI>Call Chain = BasketPositionCal_AccordingVision &rArr; __hardfp_hypot &rArr; sqrt
</UL>
<BR>[Calls]<UL><LI><a href="#[bf]">&gt;&gt;</a>&nbsp;&nbsp;&nbsp;__hardfp_atan2f
<LI><a href="#[bc]">&gt;&gt;</a>&nbsp;&nbsp;&nbsp;__hardfp_hypot
</UL>
<BR>[Called By]<UL><LI><a href="#[9c]">&gt;&gt;</a>&nbsp;&nbsp;&nbsp;location
</UL>

<P><STRONG><a name="[c3]"></a>BasketPositionLock</STRONG> (Thumb, 820 bytes, Stack size 40 bytes, basket.o(.text.BasketPositionLock))
<BR><BR>[Stack]<UL><LI>Max Depth = 224<LI>Call Chain = BasketPositionLock &rArr; __hardfp_cos &rArr; __ieee754_rem_pio2 &rArr; fabs
</UL>
<BR>[Calls]<UL><LI><a href="#[c4]">&gt;&gt;</a>&nbsp;&nbsp;&nbsp;Chassis_Velocity_Out
<LI><a href="#[c5]">&gt;&gt;</a>&nbsp;&nbsp;&nbsp;BsaketPoint_SelfLockAuto
<LI><a href="#[c0]">&gt;&gt;</a>&nbsp;&nbsp;&nbsp;__hardfp_cos
<LI><a href="#[bf]">&gt;&gt;</a>&nbsp;&nbsp;&nbsp;__hardfp_atan2f
<LI><a href="#[c1]">&gt;&gt;</a>&nbsp;&nbsp;&nbsp;__hardfp_sin
<LI><a href="#[bc]">&gt;&gt;</a>&nbsp;&nbsp;&nbsp;__hardfp_hypot
</UL>
<BR>[Called By]<UL><LI><a href="#[ba]">&gt;&gt;</a>&nbsp;&nbsp;&nbsp;Dunk_Flow
</UL>

<P><STRONG><a name="[c5]"></a>BsaketPoint_SelfLockAuto</STRONG> (Thumb, 264 bytes, Stack size 16 bytes, basket.o(.text.BsaketPoint_SelfLockAuto))
<BR><BR>[Stack]<UL><LI>Max Depth = 136<LI>Call Chain = BsaketPoint_SelfLockAuto &rArr; __hardfp_hypot &rArr; sqrt
</UL>
<BR>[Calls]<UL><LI><a href="#[bd]">&gt;&gt;</a>&nbsp;&nbsp;&nbsp;Self_Lock_Out
<LI><a href="#[bc]">&gt;&gt;</a>&nbsp;&nbsp;&nbsp;__hardfp_hypot
</UL>
<BR>[Called By]<UL><LI><a href="#[c3]">&gt;&gt;</a>&nbsp;&nbsp;&nbsp;BasketPositionLock
</UL>

<P><STRONG><a name="[4]"></a>BusFault_Handler</STRONG> (Thumb, 2 bytes, Stack size 0 bytes, stm32h7xx_it.o(.text.BusFault_Handler))
<BR><BR>[Calls]<UL><LI><a href="#[4]">&gt;&gt;</a>&nbsp;&nbsp;&nbsp;BusFault_Handler
</UL>
<BR>[Called By]<UL><LI><a href="#[4]">&gt;&gt;</a>&nbsp;&nbsp;&nbsp;BusFault_Handler
</UL>
<BR>[Address Reference Count : 1]<UL><LI> startup_stm32h723xx.o(RESET)
</UL>
<P><STRONG><a name="[c6]"></a>Can_Detect</STRONG> (Thumb, 106 bytes, Stack size 16 bytes, correct.o(.text.Can_Detect))
<BR><BR>[Stack]<UL><LI>Max Depth = 200<LI>Call Chain = Can_Detect &rArr; MX_FDCAN3_Init &rArr; HAL_FDCAN_Init &rArr; HAL_FDCAN_MspInit &rArr; HAL_GPIO_Init
</UL>
<BR>[Calls]<UL><LI><a href="#[ca]">&gt;&gt;</a>&nbsp;&nbsp;&nbsp;MX_FDCAN3_Init
<LI><a href="#[c9]">&gt;&gt;</a>&nbsp;&nbsp;&nbsp;MX_FDCAN2_Init
<LI><a href="#[c8]">&gt;&gt;</a>&nbsp;&nbsp;&nbsp;MX_FDCAN1_Init
<LI><a href="#[c7]">&gt;&gt;</a>&nbsp;&nbsp;&nbsp;strcpy
</UL>
<BR>[Called By]<UL><LI><a href="#[9e]">&gt;&gt;</a>&nbsp;&nbsp;&nbsp;Detect
</UL>

<P><STRONG><a name="[131]"></a>Car_State_Decode</STRONG> (Thumb, 36 bytes, Stack size 0 bytes, communication.o(.text.Car_State_Decode))
<BR><BR>[Called By]<UL><LI><a href="#[11e]">&gt;&gt;</a>&nbsp;&nbsp;&nbsp;HAL_FDCAN_RxFifo0Callback
</UL>

<P><STRONG><a name="[19a]"></a>Char2float</STRONG> (Thumb, 8 bytes, Stack size 0 bytes, mine.o(.text.Char2float))
<BR><BR>[Called By]<UL><LI><a href="#[197]">&gt;&gt;</a>&nbsp;&nbsp;&nbsp;Mng_RxData
</UL>

<P><STRONG><a name="[c4]"></a>Chassis_Velocity_Out</STRONG> (Thumb, 672 bytes, Stack size 48 bytes, chassis.o(.text.Chassis_Velocity_Out))
<BR><BR>[Stack]<UL><LI>Max Depth = 168<LI>Call Chain = Chassis_Velocity_Out &rArr; __hardfp_hypot &rArr; sqrt
</UL>
<BR>[Calls]<UL><LI><a href="#[bf]">&gt;&gt;</a>&nbsp;&nbsp;&nbsp;__hardfp_atan2f
<LI><a href="#[bc]">&gt;&gt;</a>&nbsp;&nbsp;&nbsp;__hardfp_hypot
</UL>
<BR>[Called By]<UL><LI><a href="#[b9]">&gt;&gt;</a>&nbsp;&nbsp;&nbsp;Dribble_Flow
<LI><a href="#[c3]">&gt;&gt;</a>&nbsp;&nbsp;&nbsp;BasketPositionLock
<LI><a href="#[ba]">&gt;&gt;</a>&nbsp;&nbsp;&nbsp;Dunk_Flow
<LI><a href="#[bb]">&gt;&gt;</a>&nbsp;&nbsp;&nbsp;Position_With_Mark_PID_Run
<LI><a href="#[f4]">&gt;&gt;</a>&nbsp;&nbsp;&nbsp;TurnMotor_InTurnPosition
<LI><a href="#[109]">&gt;&gt;</a>&nbsp;&nbsp;&nbsp;GamePad_Velocity_Control
</UL>

<P><STRONG><a name="[cb]"></a>Commu_init</STRONG> (Thumb, 142 bytes, Stack size 16 bytes, mngcommu.o(.text.Commu_init))
<BR><BR>[Stack]<UL><LI>Max Depth = 168<LI>Call Chain = Commu_init &rArr; Nrf_Init &rArr; _Nrf_Set_Config &rArr; _Nrf_Write_RegStruct_40bits &rArr; HAL_SPI_TransmitReceive
</UL>
<BR>[Calls]<UL><LI><a href="#[cc]">&gt;&gt;</a>&nbsp;&nbsp;&nbsp;Nrf_Init
<LI><a href="#[ad]">&gt;&gt;</a>&nbsp;&nbsp;&nbsp;__aeabi_memclr
</UL>
<BR>[Called By]<UL><LI><a href="#[93]">&gt;&gt;</a>&nbsp;&nbsp;&nbsp;main
</UL>

<P><STRONG><a name="[1c8]"></a>ControlStatus_Detect</STRONG> (Thumb, 2 bytes, Stack size 0 bytes, flow.o(.text.ControlStatus_Detect))
<BR><BR>[Called By]<UL><LI><a href="#[a7]">&gt;&gt;</a>&nbsp;&nbsp;&nbsp;motor_control
</UL>

<P><STRONG><a name="[15]"></a>DMA1_Stream0_IRQHandler</STRONG> (Thumb, 12 bytes, Stack size 0 bytes, stm32h7xx_it.o(.text.DMA1_Stream0_IRQHandler))
<BR><BR>[Stack]<UL><LI>Max Depth = 40<LI>Call Chain = DMA1_Stream0_IRQHandler &rArr; HAL_DMA_IRQHandler
</UL>
<BR>[Calls]<UL><LI><a href="#[cd]">&gt;&gt;</a>&nbsp;&nbsp;&nbsp;HAL_DMA_IRQHandler
</UL>
<BR>[Address Reference Count : 1]<UL><LI> startup_stm32h723xx.o(RESET)
</UL>
<P><STRONG><a name="[16]"></a>DMA1_Stream1_IRQHandler</STRONG> (Thumb, 12 bytes, Stack size 0 bytes, stm32h7xx_it.o(.text.DMA1_Stream1_IRQHandler))
<BR><BR>[Stack]<UL><LI>Max Depth = 40<LI>Call Chain = DMA1_Stream1_IRQHandler &rArr; HAL_DMA_IRQHandler
</UL>
<BR>[Calls]<UL><LI><a href="#[cd]">&gt;&gt;</a>&nbsp;&nbsp;&nbsp;HAL_DMA_IRQHandler
</UL>
<BR>[Address Reference Count : 1]<UL><LI> startup_stm32h723xx.o(RESET)
</UL>
<P><STRONG><a name="[17]"></a>DMA1_Stream2_IRQHandler</STRONG> (Thumb, 12 bytes, Stack size 0 bytes, stm32h7xx_it.o(.text.DMA1_Stream2_IRQHandler))
<BR><BR>[Stack]<UL><LI>Max Depth = 40<LI>Call Chain = DMA1_Stream2_IRQHandler &rArr; HAL_DMA_IRQHandler
</UL>
<BR>[Calls]<UL><LI><a href="#[cd]">&gt;&gt;</a>&nbsp;&nbsp;&nbsp;HAL_DMA_IRQHandler
</UL>
<BR>[Address Reference Count : 1]<UL><LI> startup_stm32h723xx.o(RESET)
</UL>
<P><STRONG><a name="[18]"></a>DMA1_Stream3_IRQHandler</STRONG> (Thumb, 12 bytes, Stack size 0 bytes, stm32h7xx_it.o(.text.DMA1_Stream3_IRQHandler))
<BR><BR>[Stack]<UL><LI>Max Depth = 40<LI>Call Chain = DMA1_Stream3_IRQHandler &rArr; HAL_DMA_IRQHandler
</UL>
<BR>[Calls]<UL><LI><a href="#[cd]">&gt;&gt;</a>&nbsp;&nbsp;&nbsp;HAL_DMA_IRQHandler
</UL>
<BR>[Address Reference Count : 1]<UL><LI> startup_stm32h723xx.o(RESET)
</UL>
<P><STRONG><a name="[19]"></a>DMA1_Stream4_IRQHandler</STRONG> (Thumb, 12 bytes, Stack size 0 bytes, stm32h7xx_it.o(.text.DMA1_Stream4_IRQHandler))
<BR><BR>[Stack]<UL><LI>Max Depth = 40<LI>Call Chain = DMA1_Stream4_IRQHandler &rArr; HAL_DMA_IRQHandler
</UL>
<BR>[Calls]<UL><LI><a href="#[cd]">&gt;&gt;</a>&nbsp;&nbsp;&nbsp;HAL_DMA_IRQHandler
</UL>
<BR>[Address Reference Count : 1]<UL><LI> startup_stm32h723xx.o(RESET)
</UL>
<P><STRONG><a name="[1a]"></a>DMA1_Stream5_IRQHandler</STRONG> (Thumb, 12 bytes, Stack size 0 bytes, stm32h7xx_it.o(.text.DMA1_Stream5_IRQHandler))
<BR><BR>[Stack]<UL><LI>Max Depth = 40<LI>Call Chain = DMA1_Stream5_IRQHandler &rArr; HAL_DMA_IRQHandler
</UL>
<BR>[Calls]<UL><LI><a href="#[cd]">&gt;&gt;</a>&nbsp;&nbsp;&nbsp;HAL_DMA_IRQHandler
</UL>
<BR>[Address Reference Count : 1]<UL><LI> startup_stm32h723xx.o(RESET)
</UL>
<P><STRONG><a name="[1b]"></a>DMA1_Stream6_IRQHandler</STRONG> (Thumb, 12 bytes, Stack size 0 bytes, stm32h7xx_it.o(.text.DMA1_Stream6_IRQHandler))
<BR><BR>[Stack]<UL><LI>Max Depth = 40<LI>Call Chain = DMA1_Stream6_IRQHandler &rArr; HAL_DMA_IRQHandler
</UL>
<BR>[Calls]<UL><LI><a href="#[cd]">&gt;&gt;</a>&nbsp;&nbsp;&nbsp;HAL_DMA_IRQHandler
</UL>
<BR>[Address Reference Count : 1]<UL><LI> startup_stm32h723xx.o(RESET)
</UL>
<P><STRONG><a name="[38]"></a>DMA1_Stream7_IRQHandler</STRONG> (Thumb, 12 bytes, Stack size 0 bytes, stm32h7xx_it.o(.text.DMA1_Stream7_IRQHandler))
<BR><BR>[Stack]<UL><LI>Max Depth = 40<LI>Call Chain = DMA1_Stream7_IRQHandler &rArr; HAL_DMA_IRQHandler
</UL>
<BR>[Calls]<UL><LI><a href="#[cd]">&gt;&gt;</a>&nbsp;&nbsp;&nbsp;HAL_DMA_IRQHandler
</UL>
<BR>[Address Reference Count : 1]<UL><LI> startup_stm32h723xx.o(RESET)
</UL>
<P><STRONG><a name="[41]"></a>DMA2_Stream0_IRQHandler</STRONG> (Thumb, 12 bytes, Stack size 0 bytes, stm32h7xx_it.o(.text.DMA2_Stream0_IRQHandler))
<BR><BR>[Stack]<UL><LI>Max Depth = 40<LI>Call Chain = DMA2_Stream0_IRQHandler &rArr; HAL_DMA_IRQHandler
</UL>
<BR>[Calls]<UL><LI><a href="#[cd]">&gt;&gt;</a>&nbsp;&nbsp;&nbsp;HAL_DMA_IRQHandler
</UL>
<BR>[Address Reference Count : 1]<UL><LI> startup_stm32h723xx.o(RESET)
</UL>
<P><STRONG><a name="[42]"></a>DMA2_Stream1_IRQHandler</STRONG> (Thumb, 12 bytes, Stack size 0 bytes, stm32h7xx_it.o(.text.DMA2_Stream1_IRQHandler))
<BR><BR>[Stack]<UL><LI>Max Depth = 40<LI>Call Chain = DMA2_Stream1_IRQHandler &rArr; HAL_DMA_IRQHandler
</UL>
<BR>[Calls]<UL><LI><a href="#[cd]">&gt;&gt;</a>&nbsp;&nbsp;&nbsp;HAL_DMA_IRQHandler
</UL>
<BR>[Address Reference Count : 1]<UL><LI> startup_stm32h723xx.o(RESET)
</UL>
<P><STRONG><a name="[ce]"></a>DRV_CANFDSPI_BitTimeConfigure</STRONG> (Thumb, 318 bytes, Stack size 16 bytes, drv_canfdspi_api.o(.text.DRV_CANFDSPI_BitTimeConfigure))
<BR><BR>[Stack]<UL><LI>Max Depth = 112<LI>Call Chain = DRV_CANFDSPI_BitTimeConfigure &rArr; DRV_CANFDSPI_BitTimeConfigureData10MHz &rArr; DRV_SPI_TransferData &rArr; HAL_SPI_TransmitReceive
</UL>
<BR>[Calls]<UL><LI><a href="#[d2]">&gt;&gt;</a>&nbsp;&nbsp;&nbsp;DRV_CANFDSPI_BitTimeConfigureData10MHz
<LI><a href="#[d1]">&gt;&gt;</a>&nbsp;&nbsp;&nbsp;DRV_CANFDSPI_BitTimeConfigureData40MHz
<LI><a href="#[d0]">&gt;&gt;</a>&nbsp;&nbsp;&nbsp;DRV_CANFDSPI_BitTimeConfigureData20MHz
<LI><a href="#[cf]">&gt;&gt;</a>&nbsp;&nbsp;&nbsp;DRV_SPI_TransferData
</UL>
<BR>[Called By]<UL><LI><a href="#[e8]">&gt;&gt;</a>&nbsp;&nbsp;&nbsp;DRV_SPI_Initialize
</UL>

<P><STRONG><a name="[d2]"></a>DRV_CANFDSPI_BitTimeConfigureData10MHz</STRONG> (Thumb, 184 bytes, Stack size 24 bytes, drv_canfdspi_api.o(.text.DRV_CANFDSPI_BitTimeConfigureData10MHz))
<BR><BR>[Stack]<UL><LI>Max Depth = 96<LI>Call Chain = DRV_CANFDSPI_BitTimeConfigureData10MHz &rArr; DRV_SPI_TransferData &rArr; HAL_SPI_TransmitReceive
</UL>
<BR>[Calls]<UL><LI><a href="#[cf]">&gt;&gt;</a>&nbsp;&nbsp;&nbsp;DRV_SPI_TransferData
</UL>
<BR>[Called By]<UL><LI><a href="#[ce]">&gt;&gt;</a>&nbsp;&nbsp;&nbsp;DRV_CANFDSPI_BitTimeConfigure
</UL>

<P><STRONG><a name="[d0]"></a>DRV_CANFDSPI_BitTimeConfigureData20MHz</STRONG> (Thumb, 160 bytes, Stack size 24 bytes, drv_canfdspi_api.o(.text.DRV_CANFDSPI_BitTimeConfigureData20MHz))
<BR><BR>[Stack]<UL><LI>Max Depth = 96<LI>Call Chain = DRV_CANFDSPI_BitTimeConfigureData20MHz &rArr; DRV_SPI_TransferData &rArr; HAL_SPI_TransmitReceive
</UL>
<BR>[Calls]<UL><LI><a href="#[cf]">&gt;&gt;</a>&nbsp;&nbsp;&nbsp;DRV_SPI_TransferData
</UL>
<BR>[Called By]<UL><LI><a href="#[ce]">&gt;&gt;</a>&nbsp;&nbsp;&nbsp;DRV_CANFDSPI_BitTimeConfigure
</UL>

<P><STRONG><a name="[d1]"></a>DRV_CANFDSPI_BitTimeConfigureData40MHz</STRONG> (Thumb, 152 bytes, Stack size 24 bytes, drv_canfdspi_api.o(.text.DRV_CANFDSPI_BitTimeConfigureData40MHz))
<BR><BR>[Stack]<UL><LI>Max Depth = 96<LI>Call Chain = DRV_CANFDSPI_BitTimeConfigureData40MHz &rArr; DRV_SPI_TransferData &rArr; HAL_SPI_TransmitReceive
</UL>
<BR>[Calls]<UL><LI><a href="#[cf]">&gt;&gt;</a>&nbsp;&nbsp;&nbsp;DRV_SPI_TransferData
</UL>
<BR>[Called By]<UL><LI><a href="#[ce]">&gt;&gt;</a>&nbsp;&nbsp;&nbsp;DRV_CANFDSPI_BitTimeConfigure
</UL>

<P><STRONG><a name="[d3]"></a>DRV_CANFDSPI_Configure</STRONG> (Thumb, 88 bytes, Stack size 8 bytes, drv_canfdspi_api.o(.text.DRV_CANFDSPI_Configure))
<BR><BR>[Stack]<UL><LI>Max Depth = 80<LI>Call Chain = DRV_CANFDSPI_Configure &rArr; DRV_SPI_TransferData &rArr; HAL_SPI_TransmitReceive
</UL>
<BR>[Calls]<UL><LI><a href="#[cf]">&gt;&gt;</a>&nbsp;&nbsp;&nbsp;DRV_SPI_TransferData
</UL>
<BR>[Called By]<UL><LI><a href="#[e8]">&gt;&gt;</a>&nbsp;&nbsp;&nbsp;DRV_SPI_Initialize
</UL>

<P><STRONG><a name="[ea]"></a>DRV_CANFDSPI_ConfigureObjectReset</STRONG> (Thumb, 20 bytes, Stack size 0 bytes, drv_canfdspi_api.o(.text.DRV_CANFDSPI_ConfigureObjectReset))
<BR><BR>[Called By]<UL><LI><a href="#[e8]">&gt;&gt;</a>&nbsp;&nbsp;&nbsp;DRV_SPI_Initialize
</UL>

<P><STRONG><a name="[17d]"></a>DRV_CANFDSPI_DataBytesToDlc</STRONG> (Thumb, 124 bytes, Stack size 0 bytes, drv_canfdspi_api.o(.text.DRV_CANFDSPI_DataBytesToDlc))
<BR><BR>[Called By]<UL><LI><a href="#[100]">&gt;&gt;</a>&nbsp;&nbsp;&nbsp;MCP2518FD_SendData
</UL>

<P><STRONG><a name="[17c]"></a>DRV_CANFDSPI_DlcToDataBytes</STRONG> (Thumb, 32 bytes, Stack size 0 bytes, drv_canfdspi_api.o(.text.DRV_CANFDSPI_DlcToDataBytes))
<BR><BR>[Called By]<UL><LI><a href="#[110]">&gt;&gt;</a>&nbsp;&nbsp;&nbsp;MCP2518FD_ReceiveData
</UL>

<P><STRONG><a name="[d4]"></a>DRV_CANFDSPI_EccEnable</STRONG> (Thumb, 90 bytes, Stack size 16 bytes, drv_canfdspi_api.o(.text.DRV_CANFDSPI_EccEnable))
<BR><BR>[Stack]<UL><LI>Max Depth = 88<LI>Call Chain = DRV_CANFDSPI_EccEnable &rArr; DRV_SPI_TransferData &rArr; HAL_SPI_TransmitReceive
</UL>
<BR>[Calls]<UL><LI><a href="#[cf]">&gt;&gt;</a>&nbsp;&nbsp;&nbsp;DRV_SPI_TransferData
</UL>
<BR>[Called By]<UL><LI><a href="#[e8]">&gt;&gt;</a>&nbsp;&nbsp;&nbsp;DRV_SPI_Initialize
</UL>

<P><STRONG><a name="[d5]"></a>DRV_CANFDSPI_FilterEnable</STRONG> (Thumb, 108 bytes, Stack size 24 bytes, drv_canfdspi_api.o(.text.DRV_CANFDSPI_FilterEnable))
<BR><BR>[Stack]<UL><LI>Max Depth = 96<LI>Call Chain = DRV_CANFDSPI_FilterEnable &rArr; DRV_SPI_TransferData &rArr; HAL_SPI_TransmitReceive
</UL>
<BR>[Calls]<UL><LI><a href="#[cf]">&gt;&gt;</a>&nbsp;&nbsp;&nbsp;DRV_SPI_TransferData
</UL>
<BR>[Called By]<UL><LI><a href="#[e8]">&gt;&gt;</a>&nbsp;&nbsp;&nbsp;DRV_SPI_Initialize
</UL>

<P><STRONG><a name="[d6]"></a>DRV_CANFDSPI_FilterMaskConfigure</STRONG> (Thumb, 66 bytes, Stack size 0 bytes, drv_canfdspi_api.o(.text.DRV_CANFDSPI_FilterMaskConfigure))
<BR><BR>[Stack]<UL><LI>Max Depth = 72<LI>Call Chain = DRV_CANFDSPI_FilterMaskConfigure &rArr; DRV_SPI_TransferData &rArr; HAL_SPI_TransmitReceive
</UL>
<BR>[Calls]<UL><LI><a href="#[cf]">&gt;&gt;</a>&nbsp;&nbsp;&nbsp;DRV_SPI_TransferData
</UL>
<BR>[Called By]<UL><LI><a href="#[e8]">&gt;&gt;</a>&nbsp;&nbsp;&nbsp;DRV_SPI_Initialize
</UL>

<P><STRONG><a name="[d7]"></a>DRV_CANFDSPI_FilterObjectConfigure</STRONG> (Thumb, 66 bytes, Stack size 0 bytes, drv_canfdspi_api.o(.text.DRV_CANFDSPI_FilterObjectConfigure))
<BR><BR>[Stack]<UL><LI>Max Depth = 72<LI>Call Chain = DRV_CANFDSPI_FilterObjectConfigure &rArr; DRV_SPI_TransferData &rArr; HAL_SPI_TransmitReceive
</UL>
<BR>[Calls]<UL><LI><a href="#[cf]">&gt;&gt;</a>&nbsp;&nbsp;&nbsp;DRV_SPI_TransferData
</UL>
<BR>[Called By]<UL><LI><a href="#[e8]">&gt;&gt;</a>&nbsp;&nbsp;&nbsp;DRV_SPI_Initialize
</UL>

<P><STRONG><a name="[d8]"></a>DRV_CANFDSPI_FilterToFifoLink</STRONG> (Thumb, 56 bytes, Stack size 16 bytes, drv_canfdspi_api.o(.text.DRV_CANFDSPI_FilterToFifoLink))
<BR><BR>[Stack]<UL><LI>Max Depth = 88<LI>Call Chain = DRV_CANFDSPI_FilterToFifoLink &rArr; DRV_SPI_TransferData &rArr; HAL_SPI_TransmitReceive
</UL>
<BR>[Calls]<UL><LI><a href="#[cf]">&gt;&gt;</a>&nbsp;&nbsp;&nbsp;DRV_SPI_TransferData
</UL>
<BR>[Called By]<UL><LI><a href="#[e8]">&gt;&gt;</a>&nbsp;&nbsp;&nbsp;DRV_SPI_Initialize
</UL>

<P><STRONG><a name="[d9]"></a>DRV_CANFDSPI_GpioModeConfigure</STRONG> (Thumb, 112 bytes, Stack size 24 bytes, drv_canfdspi_api.o(.text.DRV_CANFDSPI_GpioModeConfigure))
<BR><BR>[Stack]<UL><LI>Max Depth = 96<LI>Call Chain = DRV_CANFDSPI_GpioModeConfigure &rArr; DRV_SPI_TransferData &rArr; HAL_SPI_TransmitReceive
</UL>
<BR>[Calls]<UL><LI><a href="#[cf]">&gt;&gt;</a>&nbsp;&nbsp;&nbsp;DRV_SPI_TransferData
</UL>
<BR>[Called By]<UL><LI><a href="#[e8]">&gt;&gt;</a>&nbsp;&nbsp;&nbsp;DRV_SPI_Initialize
</UL>

<P><STRONG><a name="[da]"></a>DRV_CANFDSPI_ModuleEventEnable</STRONG> (Thumb, 104 bytes, Stack size 24 bytes, drv_canfdspi_api.o(.text.DRV_CANFDSPI_ModuleEventEnable))
<BR><BR>[Stack]<UL><LI>Max Depth = 96<LI>Call Chain = DRV_CANFDSPI_ModuleEventEnable &rArr; DRV_SPI_TransferData &rArr; HAL_SPI_TransmitReceive
</UL>
<BR>[Calls]<UL><LI><a href="#[cf]">&gt;&gt;</a>&nbsp;&nbsp;&nbsp;DRV_SPI_TransferData
</UL>
<BR>[Called By]<UL><LI><a href="#[e8]">&gt;&gt;</a>&nbsp;&nbsp;&nbsp;DRV_SPI_Initialize
</UL>

<P><STRONG><a name="[db]"></a>DRV_CANFDSPI_ModuleEventRxCodeGet</STRONG> (Thumb, 72 bytes, Stack size 16 bytes, drv_canfdspi_api.o(.text.DRV_CANFDSPI_ModuleEventRxCodeGet))
<BR><BR>[Stack]<UL><LI>Max Depth = 88<LI>Call Chain = DRV_CANFDSPI_ModuleEventRxCodeGet &rArr; DRV_SPI_TransferData &rArr; HAL_SPI_TransmitReceive
</UL>
<BR>[Calls]<UL><LI><a href="#[cf]">&gt;&gt;</a>&nbsp;&nbsp;&nbsp;DRV_SPI_TransferData
</UL>
<BR>[Called By]<UL><LI><a href="#[110]">&gt;&gt;</a>&nbsp;&nbsp;&nbsp;MCP2518FD_ReceiveData
</UL>

<P><STRONG><a name="[dc]"></a>DRV_CANFDSPI_OperationModeSelect</STRONG> (Thumb, 98 bytes, Stack size 24 bytes, drv_canfdspi_api.o(.text.DRV_CANFDSPI_OperationModeSelect))
<BR><BR>[Stack]<UL><LI>Max Depth = 96<LI>Call Chain = DRV_CANFDSPI_OperationModeSelect &rArr; DRV_SPI_TransferData &rArr; HAL_SPI_TransmitReceive
</UL>
<BR>[Calls]<UL><LI><a href="#[cf]">&gt;&gt;</a>&nbsp;&nbsp;&nbsp;DRV_SPI_TransferData
</UL>
<BR>[Called By]<UL><LI><a href="#[e8]">&gt;&gt;</a>&nbsp;&nbsp;&nbsp;DRV_SPI_Initialize
</UL>

<P><STRONG><a name="[e9]"></a>DRV_CANFDSPI_OscillatorControlObjectReset</STRONG> (Thumb, 16 bytes, Stack size 0 bytes, drv_canfdspi_api.o(.text.DRV_CANFDSPI_OscillatorControlObjectReset))
<BR><BR>[Called By]<UL><LI><a href="#[e8]">&gt;&gt;</a>&nbsp;&nbsp;&nbsp;DRV_SPI_Initialize
</UL>

<P><STRONG><a name="[dd]"></a>DRV_CANFDSPI_OscillatorControlSet</STRONG> (Thumb, 56 bytes, Stack size 8 bytes, drv_canfdspi_api.o(.text.DRV_CANFDSPI_OscillatorControlSet))
<BR><BR>[Stack]<UL><LI>Max Depth = 80<LI>Call Chain = DRV_CANFDSPI_OscillatorControlSet &rArr; DRV_SPI_TransferData &rArr; HAL_SPI_TransmitReceive
</UL>
<BR>[Calls]<UL><LI><a href="#[cf]">&gt;&gt;</a>&nbsp;&nbsp;&nbsp;DRV_SPI_TransferData
</UL>
<BR>[Called By]<UL><LI><a href="#[e8]">&gt;&gt;</a>&nbsp;&nbsp;&nbsp;DRV_SPI_Initialize
</UL>

<P><STRONG><a name="[de]"></a>DRV_CANFDSPI_RamInit</STRONG> (Thumb, 858 bytes, Stack size 24 bytes, drv_canfdspi_api.o(.text.DRV_CANFDSPI_RamInit))
<BR><BR>[Stack]<UL><LI>Max Depth = 96<LI>Call Chain = DRV_CANFDSPI_RamInit &rArr; DRV_SPI_TransferData &rArr; HAL_SPI_TransmitReceive
</UL>
<BR>[Calls]<UL><LI><a href="#[cf]">&gt;&gt;</a>&nbsp;&nbsp;&nbsp;DRV_SPI_TransferData
<LI><a href="#[ae]">&gt;&gt;</a>&nbsp;&nbsp;&nbsp;__aeabi_memset
</UL>
<BR>[Called By]<UL><LI><a href="#[e8]">&gt;&gt;</a>&nbsp;&nbsp;&nbsp;DRV_SPI_Initialize
</UL>

<P><STRONG><a name="[df]"></a>DRV_CANFDSPI_ReceiveChannelConfigure</STRONG> (Thumb, 98 bytes, Stack size 8 bytes, drv_canfdspi_api.o(.text.DRV_CANFDSPI_ReceiveChannelConfigure))
<BR><BR>[Stack]<UL><LI>Max Depth = 80<LI>Call Chain = DRV_CANFDSPI_ReceiveChannelConfigure &rArr; DRV_SPI_TransferData &rArr; HAL_SPI_TransmitReceive
</UL>
<BR>[Calls]<UL><LI><a href="#[cf]">&gt;&gt;</a>&nbsp;&nbsp;&nbsp;DRV_SPI_TransferData
</UL>
<BR>[Called By]<UL><LI><a href="#[e8]">&gt;&gt;</a>&nbsp;&nbsp;&nbsp;DRV_SPI_Initialize
</UL>

<P><STRONG><a name="[ec]"></a>DRV_CANFDSPI_ReceiveChannelConfigureObjectReset</STRONG> (Thumb, 14 bytes, Stack size 0 bytes, drv_canfdspi_api.o(.text.DRV_CANFDSPI_ReceiveChannelConfigureObjectReset))
<BR><BR>[Called By]<UL><LI><a href="#[e8]">&gt;&gt;</a>&nbsp;&nbsp;&nbsp;DRV_SPI_Initialize
</UL>

<P><STRONG><a name="[e0]"></a>DRV_CANFDSPI_ReceiveChannelEventEnable</STRONG> (Thumb, 128 bytes, Stack size 24 bytes, drv_canfdspi_api.o(.text.DRV_CANFDSPI_ReceiveChannelEventEnable))
<BR><BR>[Stack]<UL><LI>Max Depth = 96<LI>Call Chain = DRV_CANFDSPI_ReceiveChannelEventEnable &rArr; DRV_SPI_TransferData &rArr; HAL_SPI_TransmitReceive
</UL>
<BR>[Calls]<UL><LI><a href="#[cf]">&gt;&gt;</a>&nbsp;&nbsp;&nbsp;DRV_SPI_TransferData
</UL>
<BR>[Called By]<UL><LI><a href="#[e8]">&gt;&gt;</a>&nbsp;&nbsp;&nbsp;DRV_SPI_Initialize
</UL>

<P><STRONG><a name="[e1]"></a>DRV_CANFDSPI_ReceiveEventGet</STRONG> (Thumb, 74 bytes, Stack size 16 bytes, drv_canfdspi_api.o(.text.DRV_CANFDSPI_ReceiveEventGet))
<BR><BR>[Stack]<UL><LI>Max Depth = 88<LI>Call Chain = DRV_CANFDSPI_ReceiveEventGet &rArr; DRV_SPI_TransferData &rArr; HAL_SPI_TransmitReceive
</UL>
<BR>[Calls]<UL><LI><a href="#[cf]">&gt;&gt;</a>&nbsp;&nbsp;&nbsp;DRV_SPI_TransferData
</UL>
<BR>[Called By]<UL><LI><a href="#[110]">&gt;&gt;</a>&nbsp;&nbsp;&nbsp;MCP2518FD_ReceiveData
</UL>

<P><STRONG><a name="[e2]"></a>DRV_CANFDSPI_ReceiveMessageGet</STRONG> (Thumb, 362 bytes, Stack size 120 bytes, drv_canfdspi_api.o(.text.DRV_CANFDSPI_ReceiveMessageGet))
<BR><BR>[Stack]<UL><LI>Max Depth = 192<LI>Call Chain = DRV_CANFDSPI_ReceiveMessageGet &rArr; DRV_SPI_TransferData &rArr; HAL_SPI_TransmitReceive
</UL>
<BR>[Calls]<UL><LI><a href="#[cf]">&gt;&gt;</a>&nbsp;&nbsp;&nbsp;DRV_SPI_TransferData
<LI><a href="#[ad]">&gt;&gt;</a>&nbsp;&nbsp;&nbsp;__aeabi_memclr
<LI><a href="#[e3]">&gt;&gt;</a>&nbsp;&nbsp;&nbsp;__aeabi_memcpy
</UL>
<BR>[Called By]<UL><LI><a href="#[110]">&gt;&gt;</a>&nbsp;&nbsp;&nbsp;MCP2518FD_ReceiveData
</UL>

<P><STRONG><a name="[e4]"></a>DRV_CANFDSPI_Reset</STRONG> (Thumb, 30 bytes, Stack size 0 bytes, drv_canfdspi_api.o(.text.DRV_CANFDSPI_Reset))
<BR><BR>[Stack]<UL><LI>Max Depth = 72<LI>Call Chain = DRV_CANFDSPI_Reset &rArr; DRV_SPI_TransferData &rArr; HAL_SPI_TransmitReceive
</UL>
<BR>[Calls]<UL><LI><a href="#[cf]">&gt;&gt;</a>&nbsp;&nbsp;&nbsp;DRV_SPI_TransferData
</UL>
<BR>[Called By]<UL><LI><a href="#[e8]">&gt;&gt;</a>&nbsp;&nbsp;&nbsp;DRV_SPI_Initialize
</UL>

<P><STRONG><a name="[e5]"></a>DRV_CANFDSPI_TransmitChannelConfigure</STRONG> (Thumb, 78 bytes, Stack size 8 bytes, drv_canfdspi_api.o(.text.DRV_CANFDSPI_TransmitChannelConfigure))
<BR><BR>[Stack]<UL><LI>Max Depth = 80<LI>Call Chain = DRV_CANFDSPI_TransmitChannelConfigure &rArr; DRV_SPI_TransferData &rArr; HAL_SPI_TransmitReceive
</UL>
<BR>[Calls]<UL><LI><a href="#[cf]">&gt;&gt;</a>&nbsp;&nbsp;&nbsp;DRV_SPI_TransferData
</UL>
[...]
</UL>
<BR>[Calls]<UL><LI><a href="#[1cd]">&gt;&gt;</a>&nbsp;&nbsp;&nbsp;prvAddNewTaskToReadyList
<LI><a href="#[1d5]">&gt;&gt;</a>&nbsp;&nbsp;&nbsp;prvInitialiseNewTask
</UL>
<BR>[Called By]<UL><LI><a href="#[183]">&gt;&gt;</a>&nbsp;&nbsp;&nbsp;osThreadCreate
</UL>

<P><STRONG><a name="[fd]"></a>xTaskGetCurrentTaskHandle</STRONG> (Thumb, 12 bytes, Stack size 0 bytes, tasks.o(.text.xTaskGetCurrentTaskHandle))
<BR><BR>[Called By]<UL><LI><a href="#[1b1]">&gt;&gt;</a>&nbsp;&nbsp;&nbsp;StartIdleMonitor
<LI><a href="#[fc]">&gt;&gt;</a>&nbsp;&nbsp;&nbsp;EndIdleMonitor
<LI><a href="#[1d4]">&gt;&gt;</a>&nbsp;&nbsp;&nbsp;vApplicationIdleHook
</UL>

<P><STRONG><a name="[1b3]"></a>xTaskIncrementTick</STRONG> (Thumb, 274 bytes, Stack size 32 bytes, tasks.o(.text.xTaskIncrementTick))
<BR><BR>[Stack]<UL><LI>Max Depth = 76<LI>Call Chain = xTaskIncrementTick &rArr; vApplicationTickHook &rArr; __aeabi_l2f &rArr; _float_epilogue
</UL>
<BR>[Calls]<UL><LI><a href="#[1d3]">&gt;&gt;</a>&nbsp;&nbsp;&nbsp;uxListRemove
<LI><a href="#[1d0]">&gt;&gt;</a>&nbsp;&nbsp;&nbsp;vListInsertEnd
<LI><a href="#[1db]">&gt;&gt;</a>&nbsp;&nbsp;&nbsp;vApplicationTickHook
</UL>
<BR>[Called By]<UL><LI><a href="#[9]">&gt;&gt;</a>&nbsp;&nbsp;&nbsp;SysTick_Handler
<LI><a href="#[1da]">&gt;&gt;</a>&nbsp;&nbsp;&nbsp;xTaskResumeAll
</UL>

<P><STRONG><a name="[1da]"></a>xTaskResumeAll</STRONG> (Thumb, 234 bytes, Stack size 24 bytes, tasks.o(.text.xTaskResumeAll))
<BR><BR>[Stack]<UL><LI>Max Depth = 100<LI>Call Chain = xTaskResumeAll &rArr; xTaskIncrementTick &rArr; vApplicationTickHook &rArr; __aeabi_l2f &rArr; _float_epilogue
</UL>
<BR>[Calls]<UL><LI><a href="#[1b3]">&gt;&gt;</a>&nbsp;&nbsp;&nbsp;xTaskIncrementTick
<LI><a href="#[1d3]">&gt;&gt;</a>&nbsp;&nbsp;&nbsp;uxListRemove
<LI><a href="#[1d0]">&gt;&gt;</a>&nbsp;&nbsp;&nbsp;vListInsertEnd
<LI><a href="#[1d1]">&gt;&gt;</a>&nbsp;&nbsp;&nbsp;vPortExitCritical
<LI><a href="#[1ce]">&gt;&gt;</a>&nbsp;&nbsp;&nbsp;vPortEnterCritical
</UL>
<BR>[Called By]<UL><LI><a href="#[1c9]">&gt;&gt;</a>&nbsp;&nbsp;&nbsp;vTaskDelay
<LI><a href="#[1d2]">&gt;&gt;</a>&nbsp;&nbsp;&nbsp;vPortFree
<LI><a href="#[1d8]">&gt;&gt;</a>&nbsp;&nbsp;&nbsp;pvPortMalloc
</UL>

<P><STRONG><a name="[1ec]"></a>__ARM_fpclassify</STRONG> (Thumb, 48 bytes, Stack size 8 bytes, fpclassify.o(i.__ARM_fpclassify))
<BR><BR>[Stack]<UL><LI>Max Depth = 8<LI>Call Chain = __ARM_fpclassify
</UL>
<BR>[Called By]<UL><LI><a href="#[1e8]">&gt;&gt;</a>&nbsp;&nbsp;&nbsp;__kernel_sin
<LI><a href="#[bc]">&gt;&gt;</a>&nbsp;&nbsp;&nbsp;__hardfp_hypot
</UL>

<P><STRONG><a name="[1e2]"></a>__ARM_fpclassifyf</STRONG> (Thumb, 38 bytes, Stack size 0 bytes, fpclassifyf.o(i.__ARM_fpclassifyf))
<BR><BR>[Called By]<UL><LI><a href="#[bf]">&gt;&gt;</a>&nbsp;&nbsp;&nbsp;__hardfp_atan2f
</UL>

<P><STRONG><a name="[bf]"></a>__hardfp_atan2f</STRONG> (Thumb, 594 bytes, Stack size 32 bytes, atan2f.o(i.__hardfp_atan2f))
<BR><BR>[Stack]<UL><LI>Max Depth = 32<LI>Call Chain = __hardfp_atan2f
</UL>
<BR>[Calls]<UL><LI><a href="#[1e4]">&gt;&gt;</a>&nbsp;&nbsp;&nbsp;__set_errno
<LI><a href="#[1e3]">&gt;&gt;</a>&nbsp;&nbsp;&nbsp;__mathlib_flt_underflow
<LI><a href="#[1e5]">&gt;&gt;</a>&nbsp;&nbsp;&nbsp;__mathlib_flt_infnan2
<LI><a href="#[1e2]">&gt;&gt;</a>&nbsp;&nbsp;&nbsp;__ARM_fpclassifyf
</UL>
<BR>[Called By]<UL><LI><a href="#[168]">&gt;&gt;</a>&nbsp;&nbsp;&nbsp;HAL_UARTEx_RxEventCallback
<LI><a href="#[c3]">&gt;&gt;</a>&nbsp;&nbsp;&nbsp;BasketPositionLock
<LI><a href="#[be]">&gt;&gt;</a>&nbsp;&nbsp;&nbsp;BasketPoint_Init
<LI><a href="#[179]">&gt;&gt;</a>&nbsp;&nbsp;&nbsp;LadarPosInterpolation
<LI><a href="#[c2]">&gt;&gt;</a>&nbsp;&nbsp;&nbsp;BasketPositionCal_AccordingVision
<LI><a href="#[bb]">&gt;&gt;</a>&nbsp;&nbsp;&nbsp;Position_With_Mark_PID_Run
<LI><a href="#[c4]">&gt;&gt;</a>&nbsp;&nbsp;&nbsp;Chassis_Velocity_Out
</UL>

<P><STRONG><a name="[c0]"></a>__hardfp_cos</STRONG> (Thumb, 158 bytes, Stack size 32 bytes, cos.o(i.__hardfp_cos))
<BR><BR>[Stack]<UL><LI>Max Depth = 184<LI>Call Chain = __hardfp_cos &rArr; __ieee754_rem_pio2 &rArr; fabs
</UL>
<BR>[Calls]<UL><LI><a href="#[1e4]">&gt;&gt;</a>&nbsp;&nbsp;&nbsp;__set_errno
<LI><a href="#[1e8]">&gt;&gt;</a>&nbsp;&nbsp;&nbsp;__kernel_sin
<LI><a href="#[1e7]">&gt;&gt;</a>&nbsp;&nbsp;&nbsp;__ieee754_rem_pio2
<LI><a href="#[1e6]">&gt;&gt;</a>&nbsp;&nbsp;&nbsp;__mathlib_dbl_invalid
<LI><a href="#[1e9]">&gt;&gt;</a>&nbsp;&nbsp;&nbsp;__kernel_cos
</UL>
<BR>[Called By]<UL><LI><a href="#[c3]">&gt;&gt;</a>&nbsp;&nbsp;&nbsp;BasketPositionLock
<LI><a href="#[be]">&gt;&gt;</a>&nbsp;&nbsp;&nbsp;BasketPoint_Init
<LI><a href="#[f6]">&gt;&gt;</a>&nbsp;&nbsp;&nbsp;Enc_VXVY_Fuse_With_Gyro_AXAY
<LI><a href="#[113]">&gt;&gt;</a>&nbsp;&nbsp;&nbsp;Gyro_AX_AY_Cal
<LI><a href="#[fb]">&gt;&gt;</a>&nbsp;&nbsp;&nbsp;Encoder_XY_VX_VY_Cal
<LI><a href="#[1b0]">&gt;&gt;</a>&nbsp;&nbsp;&nbsp;Send_PositionToR1
<LI><a href="#[1bf]">&gt;&gt;</a>&nbsp;&nbsp;&nbsp;Vision_Basket_Decode
<LI><a href="#[bb]">&gt;&gt;</a>&nbsp;&nbsp;&nbsp;Position_With_Mark_PID_Run
<LI><a href="#[109]">&gt;&gt;</a>&nbsp;&nbsp;&nbsp;GamePad_Velocity_Control
</UL>

<P><STRONG><a name="[bc]"></a>__hardfp_hypot</STRONG> (Thumb, 630 bytes, Stack size 96 bytes, hypot.o(i.__hardfp_hypot))
<BR><BR>[Stack]<UL><LI>Max Depth = 120<LI>Call Chain = __hardfp_hypot &rArr; sqrt
</UL>
<BR>[Calls]<UL><LI><a href="#[1e4]">&gt;&gt;</a>&nbsp;&nbsp;&nbsp;__set_errno
<LI><a href="#[1ea]">&gt;&gt;</a>&nbsp;&nbsp;&nbsp;sqrt
<LI><a href="#[1ec]">&gt;&gt;</a>&nbsp;&nbsp;&nbsp;__ARM_fpclassify
<LI><a href="#[1ed]">&gt;&gt;</a>&nbsp;&nbsp;&nbsp;__mathlib_dbl_underflow
<LI><a href="#[1eb]">&gt;&gt;</a>&nbsp;&nbsp;&nbsp;__mathlib_dbl_overflow
</UL>
<BR>[Called By]<UL><LI><a href="#[c3]">&gt;&gt;</a>&nbsp;&nbsp;&nbsp;BasketPositionLock
<LI><a href="#[c2]">&gt;&gt;</a>&nbsp;&nbsp;&nbsp;BasketPositionCal_AccordingVision
<LI><a href="#[f6]">&gt;&gt;</a>&nbsp;&nbsp;&nbsp;Enc_VXVY_Fuse_With_Gyro_AXAY
<LI><a href="#[113]">&gt;&gt;</a>&nbsp;&nbsp;&nbsp;Gyro_AX_AY_Cal
<LI><a href="#[fb]">&gt;&gt;</a>&nbsp;&nbsp;&nbsp;Encoder_XY_VX_VY_Cal
<LI><a href="#[b8]">&gt;&gt;</a>&nbsp;&nbsp;&nbsp;Auto_Flow
<LI><a href="#[bb]">&gt;&gt;</a>&nbsp;&nbsp;&nbsp;Position_With_Mark_PID_Run
<LI><a href="#[c4]">&gt;&gt;</a>&nbsp;&nbsp;&nbsp;Chassis_Velocity_Out
<LI><a href="#[c5]">&gt;&gt;</a>&nbsp;&nbsp;&nbsp;BsaketPoint_SelfLockAuto
</UL>

<P><STRONG><a name="[c1]"></a>__hardfp_sin</STRONG> (Thumb, 158 bytes, Stack size 32 bytes, sin.o(i.__hardfp_sin))
<BR><BR>[Stack]<UL><LI>Max Depth = 184<LI>Call Chain = __hardfp_sin &rArr; __ieee754_rem_pio2 &rArr; fabs
</UL>
<BR>[Calls]<UL><LI><a href="#[1e4]">&gt;&gt;</a>&nbsp;&nbsp;&nbsp;__set_errno
<LI><a href="#[1e8]">&gt;&gt;</a>&nbsp;&nbsp;&nbsp;__kernel_sin
<LI><a href="#[1e7]">&gt;&gt;</a>&nbsp;&nbsp;&nbsp;__ieee754_rem_pio2
<LI><a href="#[1e6]">&gt;&gt;</a>&nbsp;&nbsp;&nbsp;__mathlib_dbl_invalid
<LI><a href="#[1e9]">&gt;&gt;</a>&nbsp;&nbsp;&nbsp;__kernel_cos
</UL>
<BR>[Called By]<UL><LI><a href="#[c3]">&gt;&gt;</a>&nbsp;&nbsp;&nbsp;BasketPositionLock
<LI><a href="#[be]">&gt;&gt;</a>&nbsp;&nbsp;&nbsp;BasketPoint_Init
<LI><a href="#[f6]">&gt;&gt;</a>&nbsp;&nbsp;&nbsp;Enc_VXVY_Fuse_With_Gyro_AXAY
<LI><a href="#[113]">&gt;&gt;</a>&nbsp;&nbsp;&nbsp;Gyro_AX_AY_Cal
<LI><a href="#[fb]">&gt;&gt;</a>&nbsp;&nbsp;&nbsp;Encoder_XY_VX_VY_Cal
<LI><a href="#[1b0]">&gt;&gt;</a>&nbsp;&nbsp;&nbsp;Send_PositionToR1
<LI><a href="#[1bf]">&gt;&gt;</a>&nbsp;&nbsp;&nbsp;Vision_Basket_Decode
<LI><a href="#[bb]">&gt;&gt;</a>&nbsp;&nbsp;&nbsp;Position_With_Mark_PID_Run
<LI><a href="#[109]">&gt;&gt;</a>&nbsp;&nbsp;&nbsp;GamePad_Velocity_Control
</UL>

<P><STRONG><a name="[1e7]"></a>__ieee754_rem_pio2</STRONG> (Thumb, 646 bytes, Stack size 144 bytes, rred.o(i.__ieee754_rem_pio2))
<BR><BR>[Stack]<UL><LI>Max Depth = 152<LI>Call Chain = __ieee754_rem_pio2 &rArr; fabs
</UL>
<BR>[Calls]<UL><LI><a href="#[1ee]">&gt;&gt;</a>&nbsp;&nbsp;&nbsp;fabs
</UL>
<BR>[Called By]<UL><LI><a href="#[c0]">&gt;&gt;</a>&nbsp;&nbsp;&nbsp;__hardfp_cos
<LI><a href="#[c1]">&gt;&gt;</a>&nbsp;&nbsp;&nbsp;__hardfp_sin
</UL>

<P><STRONG><a name="[1e9]"></a>__kernel_cos</STRONG> (Thumb, 182 bytes, Stack size 48 bytes, cos_i.o(i.__kernel_cos))
<BR><BR>[Stack]<UL><LI>Max Depth = 48<LI>Call Chain = __kernel_cos
</UL>
<BR>[Calls]<UL><LI><a href="#[1ef]">&gt;&gt;</a>&nbsp;&nbsp;&nbsp;__kernel_poly
</UL>
<BR>[Called By]<UL><LI><a href="#[c0]">&gt;&gt;</a>&nbsp;&nbsp;&nbsp;__hardfp_cos
<LI><a href="#[c1]">&gt;&gt;</a>&nbsp;&nbsp;&nbsp;__hardfp_sin
</UL>

<P><STRONG><a name="[1ef]"></a>__kernel_poly</STRONG> (Thumb, 112 bytes, Stack size 0 bytes, poly.o(i.__kernel_poly))
<BR><BR>[Called By]<UL><LI><a href="#[1e8]">&gt;&gt;</a>&nbsp;&nbsp;&nbsp;__kernel_sin
<LI><a href="#[1e9]">&gt;&gt;</a>&nbsp;&nbsp;&nbsp;__kernel_cos
</UL>

<P><STRONG><a name="[1e8]"></a>__kernel_sin</STRONG> (Thumb, 144 bytes, Stack size 56 bytes, sin_i.o(i.__kernel_sin))
<BR><BR>[Stack]<UL><LI>Max Depth = 64<LI>Call Chain = __kernel_sin &rArr; __ARM_fpclassify
</UL>
<BR>[Calls]<UL><LI><a href="#[1ef]">&gt;&gt;</a>&nbsp;&nbsp;&nbsp;__kernel_poly
<LI><a href="#[1ec]">&gt;&gt;</a>&nbsp;&nbsp;&nbsp;__ARM_fpclassify
<LI><a href="#[1ed]">&gt;&gt;</a>&nbsp;&nbsp;&nbsp;__mathlib_dbl_underflow
</UL>
<BR>[Called By]<UL><LI><a href="#[c0]">&gt;&gt;</a>&nbsp;&nbsp;&nbsp;__hardfp_cos
<LI><a href="#[c1]">&gt;&gt;</a>&nbsp;&nbsp;&nbsp;__hardfp_sin
</UL>

<P><STRONG><a name="[1e6]"></a>__mathlib_dbl_invalid</STRONG> (Thumb, 10 bytes, Stack size 0 bytes, dunder.o(i.__mathlib_dbl_invalid))
<BR><BR>[Called By]<UL><LI><a href="#[c0]">&gt;&gt;</a>&nbsp;&nbsp;&nbsp;__hardfp_cos
<LI><a href="#[c1]">&gt;&gt;</a>&nbsp;&nbsp;&nbsp;__hardfp_sin
</UL>

<P><STRONG><a name="[1eb]"></a>__mathlib_dbl_overflow</STRONG> (Thumb, 10 bytes, Stack size 0 bytes, dunder.o(i.__mathlib_dbl_overflow))
<BR><BR>[Called By]<UL><LI><a href="#[bc]">&gt;&gt;</a>&nbsp;&nbsp;&nbsp;__hardfp_hypot
</UL>

<P><STRONG><a name="[1ed]"></a>__mathlib_dbl_underflow</STRONG> (Thumb, 10 bytes, Stack size 0 bytes, dunder.o(i.__mathlib_dbl_underflow))
<BR><BR>[Called By]<UL><LI><a href="#[1e8]">&gt;&gt;</a>&nbsp;&nbsp;&nbsp;__kernel_sin
<LI><a href="#[bc]">&gt;&gt;</a>&nbsp;&nbsp;&nbsp;__hardfp_hypot
</UL>

<P><STRONG><a name="[1e5]"></a>__mathlib_flt_infnan2</STRONG> (Thumb, 6 bytes, Stack size 0 bytes, funder.o(i.__mathlib_flt_infnan2))
<BR><BR>[Called By]<UL><LI><a href="#[bf]">&gt;&gt;</a>&nbsp;&nbsp;&nbsp;__hardfp_atan2f
</UL>

<P><STRONG><a name="[1e3]"></a>__mathlib_flt_underflow</STRONG> (Thumb, 10 bytes, Stack size 0 bytes, funder.o(i.__mathlib_flt_underflow))
<BR><BR>[Called By]<UL><LI><a href="#[bf]">&gt;&gt;</a>&nbsp;&nbsp;&nbsp;__hardfp_atan2f
</UL>

<P><STRONG><a name="[201]"></a>__scatterload_copy</STRONG> (Thumb, 14 bytes, Stack size unknown bytes, handlers.o(i.__scatterload_copy), UNUSED)

<P><STRONG><a name="[202]"></a>__scatterload_null</STRONG> (Thumb, 2 bytes, Stack size unknown bytes, handlers.o(i.__scatterload_null), UNUSED)

<P><STRONG><a name="[203]"></a>__scatterload_zeroinit</STRONG> (Thumb, 14 bytes, Stack size unknown bytes, handlers.o(i.__scatterload_zeroinit), UNUSED)

<P><STRONG><a name="[1e4]"></a>__set_errno</STRONG> (Thumb, 6 bytes, Stack size 0 bytes, errno.o(i.__set_errno))
<BR><BR>[Called By]<UL><LI><a href="#[c0]">&gt;&gt;</a>&nbsp;&nbsp;&nbsp;__hardfp_cos
<LI><a href="#[bf]">&gt;&gt;</a>&nbsp;&nbsp;&nbsp;__hardfp_atan2f
<LI><a href="#[1ea]">&gt;&gt;</a>&nbsp;&nbsp;&nbsp;sqrt
<LI><a href="#[c1]">&gt;&gt;</a>&nbsp;&nbsp;&nbsp;__hardfp_sin
<LI><a href="#[bc]">&gt;&gt;</a>&nbsp;&nbsp;&nbsp;__hardfp_hypot
</UL>

<P><STRONG><a name="[1ee]"></a>fabs</STRONG> (Thumb, 24 bytes, Stack size 8 bytes, fabs.o(i.fabs))
<BR><BR>[Stack]<UL><LI>Max Depth = 8<LI>Call Chain = fabs
</UL>
<BR>[Called By]<UL><LI><a href="#[1e7]">&gt;&gt;</a>&nbsp;&nbsp;&nbsp;__ieee754_rem_pio2
</UL>

<P><STRONG><a name="[1ea]"></a>sqrt</STRONG> (Thumb, 106 bytes, Stack size 24 bytes, sqrt.o(i.sqrt))
<BR><BR>[Stack]<UL><LI>Max Depth = 24<LI>Call Chain = sqrt
</UL>
<BR>[Calls]<UL><LI><a href="#[1e4]">&gt;&gt;</a>&nbsp;&nbsp;&nbsp;__set_errno
</UL>
<BR>[Called By]<UL><LI><a href="#[bc]">&gt;&gt;</a>&nbsp;&nbsp;&nbsp;__hardfp_hypot
</UL>
<P>
<H3>
Local Symbols
</H3>
<P><STRONG><a name="[98]"></a>TIM_DMADelayPulseCplt</STRONG> (Thumb, 118 bytes, Stack size 8 bytes, stm32h7xx_hal_tim.o(.text.TIM_DMADelayPulseCplt))
<BR><BR>[Stack]<UL><LI>Max Depth = 8<LI>Call Chain = TIM_DMADelayPulseCplt
</UL>
<BR>[Calls]<UL><LI><a href="#[15b]">&gt;&gt;</a>&nbsp;&nbsp;&nbsp;HAL_TIM_PWM_PulseFinishedCallback
</UL>
<BR>[Address Reference Count : 1]<UL><LI> stm32h7xx_hal_tim.o(.text.HAL_TIM_PWM_Start_DMA)
</UL>
<P><STRONG><a name="[143]"></a>RCCEx_PLL2_Config</STRONG> (Thumb, 290 bytes, Stack size 24 bytes, stm32h7xx_hal_rcc_ex.o(.text.RCCEx_PLL2_Config))
<BR><BR>[Stack]<UL><LI>Max Depth = 24<LI>Call Chain = RCCEx_PLL2_Config
</UL>
<BR>[Calls]<UL><LI><a href="#[f2]">&gt;&gt;</a>&nbsp;&nbsp;&nbsp;HAL_GetTick
</UL>
<BR>[Called By]<UL><LI><a href="#[142]">&gt;&gt;</a>&nbsp;&nbsp;&nbsp;HAL_RCCEx_PeriphCLKConfig
</UL>

<P><STRONG><a name="[144]"></a>RCCEx_PLL3_Config</STRONG> (Thumb, 290 bytes, Stack size 24 bytes, stm32h7xx_hal_rcc_ex.o(.text.RCCEx_PLL3_Config))
<BR><BR>[Stack]<UL><LI>Max Depth = 24<LI>Call Chain = RCCEx_PLL3_Config
</UL>
<BR>[Calls]<UL><LI><a href="#[f2]">&gt;&gt;</a>&nbsp;&nbsp;&nbsp;HAL_GetTick
</UL>
<BR>[Called By]<UL><LI><a href="#[142]">&gt;&gt;</a>&nbsp;&nbsp;&nbsp;HAL_RCCEx_PeriphCLKConfig
</UL>

<P><STRONG><a name="[116]"></a>DMA_CalcBaseAndBitshift</STRONG> (Thumb, 288 bytes, Stack size 0 bytes, stm32h7xx_hal_dma.o(.text.DMA_CalcBaseAndBitshift))
<BR><BR>[Called By]<UL><LI><a href="#[115]">&gt;&gt;</a>&nbsp;&nbsp;&nbsp;HAL_DMA_DeInit
<LI><a href="#[117]">&gt;&gt;</a>&nbsp;&nbsp;&nbsp;HAL_DMA_Init
</UL>

<P><STRONG><a name="[119]"></a>DMA_SetConfig</STRONG> (Thumb, 776 bytes, Stack size 16 bytes, stm32h7xx_hal_dma.o(.text.DMA_SetConfig))
<BR><BR>[Stack]<UL><LI>Max Depth = 16<LI>Call Chain = DMA_SetConfig
</UL>
<BR>[Called By]<UL><LI><a href="#[118]">&gt;&gt;</a>&nbsp;&nbsp;&nbsp;HAL_DMA_Start_IT
</UL>

<P><STRONG><a name="[14a]"></a>SPI_CloseTransfer</STRONG> (Thumb, 208 bytes, Stack size 0 bytes, stm32h7xx_hal_spi.o(.text.SPI_CloseTransfer))
<BR><BR>[Called By]<UL><LI><a href="#[148]">&gt;&gt;</a>&nbsp;&nbsp;&nbsp;HAL_SPI_IRQHandler
<LI><a href="#[ee]">&gt;&gt;</a>&nbsp;&nbsp;&nbsp;HAL_SPI_TransmitReceive
</UL>

<P><STRONG><a name="[97]"></a>SPI_DMAAbortOnError</STRONG> (Thumb, 22 bytes, Stack size 0 bytes, stm32h7xx_hal_spi.o(.text.SPI_DMAAbortOnError))
<BR><BR>[Calls]<UL><LI><a href="#[14b]">&gt;&gt;</a>&nbsp;&nbsp;&nbsp;HAL_SPI_ErrorCallback
</UL>
<BR>[Address Reference Count : 1]<UL><LI> stm32h7xx_hal_spi.o(.text.HAL_SPI_IRQHandler)
</UL>
<P><STRONG><a name="[a3]"></a>UART_DMAError</STRONG> (Thumb, 500 bytes, Stack size 0 bytes, stm32h7xx_hal_uart.o(.text.UART_DMAError))
<BR><BR>[Stack]<UL><LI>Max Depth = 128<LI>Call Chain = UART_DMAError &rArr; HAL_UART_ErrorCallback &rArr; Wireless_init &rArr; HAL_UART_Init &rArr; HAL_UART_MspInit &rArr; HAL_GPIO_Init
</UL>
<BR>[Calls]<UL><LI><a href="#[169]">&gt;&gt;</a>&nbsp;&nbsp;&nbsp;HAL_UART_ErrorCallback
</UL>
<BR>[Address Reference Count : 1]<UL><LI> stm32h7xx_hal_uart.o(.text.UART_Start_Receive_DMA)
</UL>
<P><STRONG><a name="[a1]"></a>UART_DMAReceiveCplt</STRONG> (Thumb, 376 bytes, Stack size 0 bytes, stm32h7xx_hal_uart.o(.text.UART_DMAReceiveCplt))
<BR><BR>[Stack]<UL><LI>Max Depth = 48<LI>Call Chain = UART_DMAReceiveCplt &rArr; HAL_UARTEx_RxEventCallback &rArr; HAL_UARTEx_ReceiveToIdle_DMA &rArr; UART_Start_Receive_DMA &rArr; HAL_DMA_Start_IT &rArr; DMA_SetConfig
</UL>
<BR>[Calls]<UL><LI><a href="#[168]">&gt;&gt;</a>&nbsp;&nbsp;&nbsp;HAL_UARTEx_RxEventCallback
<LI><a href="#[1b8]">&gt;&gt;</a>&nbsp;&nbsp;&nbsp;HAL_UART_RxCpltCallback
</UL>
<BR>[Address Reference Count : 1]<UL><LI> stm32h7xx_hal_uart.o(.text.UART_Start_Receive_DMA)
</UL>
<P><STRONG><a name="[a2]"></a>UART_DMARxHalfCplt</STRONG> (Thumb, 28 bytes, Stack size 0 bytes, stm32h7xx_hal_uart.o(.text.UART_DMARxHalfCplt))
<BR><BR>[Stack]<UL><LI>Max Depth = 48<LI>Call Chain = UART_DMARxHalfCplt &rArr; HAL_UARTEx_RxEventCallback &rArr; HAL_UARTEx_ReceiveToIdle_DMA &rArr; UART_Start_Receive_DMA &rArr; HAL_DMA_Start_IT &rArr; DMA_SetConfig
</UL>
<BR>[Calls]<UL><LI><a href="#[168]">&gt;&gt;</a>&nbsp;&nbsp;&nbsp;HAL_UARTEx_RxEventCallback
<LI><a href="#[1b9]">&gt;&gt;</a>&nbsp;&nbsp;&nbsp;HAL_UART_RxHalfCpltCallback
</UL>
<BR>[Address Reference Count : 1]<UL><LI> stm32h7xx_hal_uart.o(.text.UART_Start_Receive_DMA)
</UL>
<P><STRONG><a name="[9b]"></a>UART_DMAAbortOnError</STRONG> (Thumb, 12 bytes, Stack size 0 bytes, stm32h7xx_hal_uart.o(.text.UART_DMAAbortOnError))
<BR><BR>[Stack]<UL><LI>Max Depth = 128<LI>Call Chain = UART_DMAAbortOnError &rArr; HAL_UART_ErrorCallback &rArr; Wireless_init &rArr; HAL_UART_Init &rArr; HAL_UART_MspInit &rArr; HAL_GPIO_Init
</UL>
<BR>[Calls]<UL><LI><a href="#[169]">&gt;&gt;</a>&nbsp;&nbsp;&nbsp;HAL_UART_ErrorCallback
</UL>
<BR>[Address Reference Count : 1]<UL><LI> stm32h7xx_hal_uart.o(.text.HAL_UART_IRQHandler)
</UL>
<P><STRONG><a name="[1d5]"></a>prvInitialiseNewTask</STRONG> (Thumb, 246 bytes, Stack size 32 bytes, tasks.o(.text.prvInitialiseNewTask))
<BR><BR>[Stack]<UL><LI>Max Depth = 32<LI>Call Chain = prvInitialiseNewTask
</UL>
<BR>[Calls]<UL><LI><a href="#[1d7]">&gt;&gt;</a>&nbsp;&nbsp;&nbsp;pxPortInitialiseStack
<LI><a href="#[1d6]">&gt;&gt;</a>&nbsp;&nbsp;&nbsp;vListInitialiseItem
</UL>
<BR>[Called By]<UL><LI><a href="#[1ca]">&gt;&gt;</a>&nbsp;&nbsp;&nbsp;vTaskStartScheduler
<LI><a href="#[1cc]">&gt;&gt;</a>&nbsp;&nbsp;&nbsp;xTaskCreate
<LI><a href="#[1cb]">&gt;&gt;</a>&nbsp;&nbsp;&nbsp;xTaskCreateStatic
</UL>

<P><STRONG><a name="[1cd]"></a>prvAddNewTaskToReadyList</STRONG> (Thumb, 252 bytes, Stack size 24 bytes, tasks.o(.text.prvAddNewTaskToReadyList))
<BR><BR>[Stack]<UL><LI>Max Depth = 24<LI>Call Chain = prvAddNewTaskToReadyList
</UL>
<BR>[Calls]<UL><LI><a href="#[1d0]">&gt;&gt;</a>&nbsp;&nbsp;&nbsp;vListInsertEnd
<LI><a href="#[1d1]">&gt;&gt;</a>&nbsp;&nbsp;&nbsp;vPortExitCritical
<LI><a href="#[1ce]">&gt;&gt;</a>&nbsp;&nbsp;&nbsp;vPortEnterCritical
<LI><a href="#[1cf]">&gt;&gt;</a>&nbsp;&nbsp;&nbsp;vListInitialise
</UL>
<BR>[Called By]<UL><LI><a href="#[1ca]">&gt;&gt;</a>&nbsp;&nbsp;&nbsp;vTaskStartScheduler
<LI><a href="#[1cc]">&gt;&gt;</a>&nbsp;&nbsp;&nbsp;xTaskCreate
<LI><a href="#[1cb]">&gt;&gt;</a>&nbsp;&nbsp;&nbsp;xTaskCreateStatic
</UL>

<P><STRONG><a name="[a5]"></a>prvIdleTask</STRONG> (Thumb, 138 bytes, Stack size 0 bytes, tasks.o(.text.prvIdleTask))
<BR><BR>[Stack]<UL><LI>Max Depth = 116<LI>Call Chain = prvIdleTask &rArr; vPortFree &rArr; xTaskResumeAll &rArr; xTaskIncrementTick &rArr; vApplicationTickHook &rArr; __aeabi_l2f &rArr; _float_epilogue
</UL>
<BR>[Calls]<UL><LI><a href="#[1d3]">&gt;&gt;</a>&nbsp;&nbsp;&nbsp;uxListRemove
<LI><a href="#[1d2]">&gt;&gt;</a>&nbsp;&nbsp;&nbsp;vPortFree
<LI><a href="#[1d1]">&gt;&gt;</a>&nbsp;&nbsp;&nbsp;vPortExitCritical
<LI><a href="#[1ce]">&gt;&gt;</a>&nbsp;&nbsp;&nbsp;vPortEnterCritical
<LI><a href="#[1d4]">&gt;&gt;</a>&nbsp;&nbsp;&nbsp;vApplicationIdleHook
</UL>
<BR>[Address Reference Count : 1]<UL><LI> tasks.o(.text.vTaskStartScheduler)
</UL>
<P><STRONG><a name="[a4]"></a>prvTaskExitError</STRONG> (Thumb, 64 bytes, Stack size 4 bytes, port.o(.text.prvTaskExitError))
<BR><BR>[Stack]<UL><LI>Max Depth = 4<LI>Call Chain = prvTaskExitError
</UL>
<BR>[Address Reference Count : 1]<UL><LI> port.o(.text.pxPortInitialiseStack)
</UL>
<P><STRONG><a name="[1e0]"></a>vPortEnableVFP</STRONG> (Thumb, 14 bytes, Stack size 0 bytes, port.o(.text.vPortEnableVFP))
<BR><BR>[Called By]<UL><LI><a href="#[1de]">&gt;&gt;</a>&nbsp;&nbsp;&nbsp;xPortStartScheduler
</UL>

<P><STRONG><a name="[1e1]"></a>prvPortStartFirstTask</STRONG> (Thumb, 34 bytes, Stack size 0 bytes, port.o(.text.prvPortStartFirstTask))
<BR><BR>[Called By]<UL><LI><a href="#[1de]">&gt;&gt;</a>&nbsp;&nbsp;&nbsp;xPortStartScheduler
</UL>
<P>
<H3>
Undefined Global Symbols
</H3><HR></body></html>
