<html>
<body>
<pre>
<h1>礦ision Build Log</h1>
<h2>Tool Versions:</h2>
IDE-Version: μVision V5.41.0.0
Copyright (C) 2024 ARM Ltd and ARM Germany GmbH. All rights reserved.
License Information: 吴家伟 的爹, 奥里给, LIC=QF82M-XMKLQ-45ST5-G4B1P-M13VD-MYPKQ
 
Tool Versions:
Toolchain:       MDK-ARM Plus  Version: 5.41.0.0
Toolchain Path:  D:\Project_APP\Keil\ARM\ARMCLANG\Bin
C Compiler:      ArmClang.exe V6.22
Assembler:       Armasm.exe V6.22
Linker/Locator:  ArmLink.exe V6.22
Library Manager: ArmAr.exe V6.22
Hex Converter:   FromElf.exe V6.22
CPU DLL:         SARMCM3.DLL V5.41.0.0
Dialog DLL:      DCM.DLL V1.17.5.0
Target DLL:      STLink\ST-LINKIII-KEIL_SWO.dll V3.3.0.0
Dialog DLL:      TCM.DLL V1.56.4.0
 
<h2>Project:</h2>
D:\Project\Project_Robocon\Chassis_History\R2\MDK-ARM\New_Chassis.uvprojx
Project File Date:  07/07/2025

<h2>Output:</h2>
*** Using Compiler 'V6.22', folder: 'D:\Project_APP\Keil\ARM\ARMCLANG\Bin'
Build target 'New_Chassis'
compiling main.c...
linking...
Program Size: Code=75196 RO-data=2600 RW-data=1660 ZI-data=97884  
".\New_Chassis\New_Chassis.axf" - 0 Error(s), 0 Warning(s).

<h2>Software Packages used:</h2>

Package Vendor: ARM
                https://www.keil.com/pack/ARM.CMSIS.6.1.0.pack
                ARM::CMSIS@6.1.0
                CMSIS (Common Microcontroller Software Interface Standard)
   * Component: CORE Version: 6.1.0

Package Vendor: ARM
                https://www.keil.com/pack/ARM.CMSIS-DSP.1.16.2.pack
                ARM::CMSIS-DSP@1.16.2
                CMSIS Embedded Compute Library
   * Component: DSP Variant: Source Version: 1.16.2

Package Vendor: Keil
                https://www.keil.com/pack/Keil.STM32H7xx_DFP.4.0.0.pack
                Keil::STM32H7xx_DFP@4.0.0
                STMicroelectronics STM32H7 Series Device Support

<h2>Collection of Component include folders:</h2>
  ./RTE/_New_Chassis
  D:/Project_APP/Keil/Keil_Data/ARM/CMSIS-DSP/1.16.2/Include
  D:/Project_APP/Keil/Keil_Data/ARM/CMSIS-DSP/1.16.2/PrivateInclude
  D:/Project_APP/Keil/Keil_Data/ARM/CMSIS/6.1.0/CMSIS/Core/Include

<h2>Collection of Component Files used:</h2>

   * Component: ARM::CMSIS:CORE@6.1.0
      Include file:  CMSIS/Core/Include/tz_context.h

   * Component: ARM::CMSIS:DSP&Source@1.16.2
      Include file:  Include/arm_common_tables_f16.h
      Source file:   Source/ComplexMathFunctions/ComplexMathFunctions.c
      Source file:   Source/DistanceFunctions/DistanceFunctions.c
      Source file:   Source/QuaternionMathFunctions/QuaternionMathFunctions.c
      Include file:  Include/arm_math_f16.h
      Include file:  Include/arm_common_tables.h
      Include file:  Include/arm_math.h
      Include file:  Include/arm_const_structs.h
      Include file:  Include/arm_const_structs_f16.h
      Source file:   Source/BasicMathFunctions/BasicMathFunctions.c
      Source file:   Source/BayesFunctions/BayesFunctions.c
      Source file:   Source/CommonTables/CommonTables.c
      Source file:   Source/ControllerFunctions/ControllerFunctions.c
      Source file:   Source/SupportFunctions/SupportFunctionsF16.c
      Source file:   Source/FilteringFunctions/FilteringFunctions.c
      Source file:   Source/FastMathFunctions/FastMathFunctionsF16.c
      Source file:   Source/StatisticsFunctions/StatisticsFunctionsF16.c
      Source file:   Source/BayesFunctions/BayesFunctionsF16.c
      Source file:   Source/MatrixFunctions/MatrixFunctionsF16.c
      Source file:   Source/InterpolationFunctions/InterpolationFunctions.c
      Source file:   Source/ComplexMathFunctions/ComplexMathFunctionsF16.c
      Source file:   Source/BasicMathFunctions/BasicMathFunctionsF16.c
      Source file:   Source/SupportFunctions/SupportFunctions.c
      Source file:   Source/WindowFunctions/WindowFunctions.c
      Source file:   Source/TransformFunctions/TransformFunctionsF16.c
      Source file:   Source/FilteringFunctions/FilteringFunctionsF16.c
      Source file:   Source/SVMFunctions/SVMFunctionsF16.c
      Source file:   Source/MatrixFunctions/MatrixFunctions.c
      Source file:   Source/SVMFunctions/SVMFunctions.c
      Source file:   Source/TransformFunctions/TransformFunctions.c
      Source file:   Source/DistanceFunctions/DistanceFunctionsF16.c
      Source file:   Source/FastMathFunctions/FastMathFunctions.c
      Source file:   Source/CommonTables/CommonTablesF16.c
      Source file:   Source/InterpolationFunctions/InterpolationFunctionsF16.c
      Source file:   Source/StatisticsFunctions/StatisticsFunctions.c
Build Time Elapsed:  00:00:02
</pre>
</body>
</html>
